[32m2025-10-26 19:18:06 -0600[0m - dagster - [34mDEBUG[0m - __ASSET_JOB - 00518995-9656-4518-a9d2-2dd238e0c13e - 72958 - LOGS_CAPTURED - Started capturing logs in process (pid: 72958).
[32m2025-10-26 19:18:06 -0600[0m - dagster - [34mDEBUG[0m - __ASSET_JOB - 00518995-9656-4518-a9d2-2dd238e0c13e - 72958 - extract_claims - STEP_START - Started execution of step "extract_claims".
INFO: Context impl SQLiteImpl.
INFO: Will assume non-transactional DDL.
[32m2025-10-26 19:18:06 -0600[0m - dagster - [34mERROR[0m - [31m__ASSET_JOB - 00518995-9656-4518-a9d2-2dd238e0c13e - 72958 - extract_claims - STEP_FAILURE - Execution of step "extract_claims" failed.

dagster._core.errors.DagsterExecutionStepExecutionError: Error occurred while executing op "extract_claims"::

_duckdb.IOException: IO Error: Could not set lock on file "/home/armando/git/insurance_case/dagster-quickstart/insurance_case.db": Conflicting lock is held in /usr/bin/python3.12 (PID 72960) by user armando. See also https://duckdb.org/docs/stable/connect/concurrency

Stack Trace:
  File "/home/armando/git/insurance_case/dagster-quickstart/.venv/lib/python3.12/site-packages/dagster/_core/execution/plan/utils.py", line 57, in op_execution_error_boundary
    yield
  File "/home/armando/git/insurance_case/dagster-quickstart/.venv/lib/python3.12/site-packages/dagster/_utils/__init__.py", line 392, in iterate_with_context
    next_output = next(iterator)
                  ^^^^^^^^^^^^^^
  File "/home/armando/git/insurance_case/dagster-quickstart/.venv/lib/python3.12/site-packages/dagster/_core/execution/plan/compute_generator.py", line 137, in _coerce_op_compute_fn_to_iterator
    result = invoke_compute_fn(
             ^^^^^^^^^^^^^^^^^^
  File "/home/armando/git/insurance_case/dagster-quickstart/.venv/lib/python3.12/site-packages/dagster/_core/execution/plan/compute_generator.py", line 117, in invoke_compute_fn
    return fn(context, **args_to_pass) if context_arg_provided else fn(**args_to_pass)
                                                                    ^^^^^^^^^^^^^^^^^^
  File "/home/armando/git/insurance_case/dagster-quickstart/src/dagster_quickstart/defs/assets_silver.py", line 1614, in extract_claims
    extractor.screen_data()
  File "/home/armando/git/insurance_case/dagster-quickstart/src/dagster_quickstart/defs/assets_silver.py", line 456, in screen_data
    conn = duckdb.connect("insurance_case.db")
           ^^^^^^^^^^^^^^^^^^^^^^^^^^^^^^^^^^^
[0m
