[32m2025-10-25 20:11:51 -0600[0m - dagster - [34mDEBUG[0m - __ASSET_JOB - 8be60235-7f6f-499f-864a-b2931e59369b - 2851260 - LOGS_CAPTURED - Started capturing logs in process (pid: 2851260).
[32m2025-10-25 20:11:51 -0600[0m - dagster - [34mDEBUG[0m - __ASSET_JOB - 8be60235-7f6f-499f-864a-b2931e59369b - 2851260 - load_fact_term - STEP_START - Started execution of step "load_fact_term".
INFO: Context impl SQLiteImpl.
INFO: Will assume non-transactional DDL.
[32m2025-10-25 20:11:51 -0600[0m - dagster - [34mERROR[0m - [31m__ASSET_JOB - 8be60235-7f6f-499f-864a-b2931e59369b - 2851260 - load_fact_term - STEP_FAILURE - Execution of step "load_fact_term" failed.

dagster._core.errors.DagsterExecutionStepExecutionError: Error occurred while executing op "load_fact_term"::

TypeError: Can't instantiate abstract class FactManager without an implementation for abstract method 'build_fact'

Stack Trace:
  File "/home/armando/git/insurance_case/dagster-quickstart/.venv/lib/python3.12/site-packages/dagster/_core/execution/plan/utils.py", line 57, in op_execution_error_boundary
    yield
  File "/home/armando/git/insurance_case/dagster-quickstart/.venv/lib/python3.12/site-packages/dagster/_utils/__init__.py", line 392, in iterate_with_context
    next_output = next(iterator)
                  ^^^^^^^^^^^^^^
  File "/home/armando/git/insurance_case/dagster-quickstart/.venv/lib/python3.12/site-packages/dagster/_core/execution/plan/compute_generator.py", line 137, in _coerce_op_compute_fn_to_iterator
    result = invoke_compute_fn(
             ^^^^^^^^^^^^^^^^^^
  File "/home/armando/git/insurance_case/dagster-quickstart/.venv/lib/python3.12/site-packages/dagster/_core/execution/plan/compute_generator.py", line 117, in invoke_compute_fn
    return fn(context, **args_to_pass) if context_arg_provided else fn(**args_to_pass)
                                                                    ^^^^^^^^^^^^^^^^^^
  File "/home/armando/git/insurance_case/dagster-quickstart/src/dagster_quickstart/defs/assets_silver.py", line 966, in load_fact_term
    fact_manager = FactManager()
                   ^^^^^^^^^^^^^
[0m
