[32m2025-10-26 12:14:25 -0600[0m - dagster - [34mDEBUG[0m - __ASSET_JOB - e61cd516-47f2-4034-a675-b627403a04d4 - 3646890 - LOGS_CAPTURED - Started capturing logs in process (pid: 3646890).
[32m2025-10-26 12:14:25 -0600[0m - dagster - [34mDEBUG[0m - __ASSET_JOB - e61cd516-47f2-4034-a675-b627403a04d4 - 3646890 - extract_cie - STEP_START - Started execution of step "extract_cie".
INFO: Context impl SQLiteImpl.
INFO: Will assume non-transactional DDL.
[32m2025-10-26 12:14:26 -0600[0m - dagster - [34mERROR[0m - [31m__ASSET_JOB - e61cd516-47f2-4034-a675-b627403a04d4 - 3646890 - extract_cie - STEP_FAILURE - Execution of step "extract_cie" failed.

dagster._core.errors.DagsterExecutionStepExecutionError: Error occurred while executing op "extract_cie"::

KeyError: "['cie_id'] not in index"

Stack Trace:
  File "/home/armando/git/insurance_case/dagster-quickstart/.venv/lib/python3.12/site-packages/dagster/_core/execution/plan/utils.py", line 57, in op_execution_error_boundary
    yield
  File "/home/armando/git/insurance_case/dagster-quickstart/.venv/lib/python3.12/site-packages/dagster/_utils/__init__.py", line 392, in iterate_with_context
    next_output = next(iterator)
                  ^^^^^^^^^^^^^^
  File "/home/armando/git/insurance_case/dagster-quickstart/.venv/lib/python3.12/site-packages/dagster/_core/execution/plan/compute_generator.py", line 137, in _coerce_op_compute_fn_to_iterator
    result = invoke_compute_fn(
             ^^^^^^^^^^^^^^^^^^
  File "/home/armando/git/insurance_case/dagster-quickstart/.venv/lib/python3.12/site-packages/dagster/_core/execution/plan/compute_generator.py", line 117, in invoke_compute_fn
    return fn(context, **args_to_pass) if context_arg_provided else fn(**args_to_pass)
                                                                    ^^^^^^^^^^^^^^^^^^
  File "/home/armando/git/insurance_case/dagster-quickstart/src/dagster_quickstart/defs/assets_silver.py", line 1407, in extract_cie
    extractor.screen_data()
  File "/home/armando/git/insurance_case/dagster-quickstart/src/dagster_quickstart/defs/assets_silver.py", line 251, in screen_data
    self.facade_screens.apply_screen_is_missing_value(column)
  File "/home/armando/git/insurance_case/dagster-quickstart/src/dagster_quickstart/defs/assets_silver.py", line 704, in apply_screen_is_missing_value
    errors = self.data.loc[self.data['__screen__'] == True][[self.identifier, column]].copy()
             ~~~~~~~~~~~~~~~~~~~~~~~~~~~~~~~~~~~~~~~~~~~~~~^^^^^^^^^^^^^^^^^^^^^^^^^^^
  File "/home/armando/git/insurance_case/dagster-quickstart/.venv/lib/python3.12/site-packages/pandas/core/frame.py", line 4119, in __getitem__
    indexer = self.columns._get_indexer_strict(key, "columns")[1]
              ^^^^^^^^^^^^^^^^^^^^^^^^^^^^^^^^^^^^^^^^^^^^^^^^
  File "/home/armando/git/insurance_case/dagster-quickstart/.venv/lib/python3.12/site-packages/pandas/core/indexes/base.py", line 6212, in _get_indexer_strict
    self._raise_if_missing(keyarr, indexer, axis_name)
  File "/home/armando/git/insurance_case/dagster-quickstart/.venv/lib/python3.12/site-packages/pandas/core/indexes/base.py", line 6264, in _raise_if_missing
    raise KeyError(f"{not_found} not in index")
[0m
