[32m2025-10-26 15:19:01 -0600[0m - dagster - [34mDEBUG[0m - __ASSET_JOB - 8b4b4f07-e3c5-494f-8660-7aa2e00f0bbe - 3942343 - LOGS_CAPTURED - Started capturing logs in process (pid: 3942343).
[32m2025-10-26 15:19:01 -0600[0m - dagster - [34mDEBUG[0m - __ASSET_JOB - 8b4b4f07-e3c5-494f-8660-7aa2e00f0bbe - 3942343 - insurance_case - STEP_START - Started execution of step "insurance_case".
[32m2025-10-26 15:19:01 -0600[0m - dagster - [34mINFO[0m - __ASSET_JOB - 8b4b4f07-e3c5-494f-8660-7aa2e00f0bbe - insurance_case - A dbt subsetted execution is being performed. Overriding default dbt selection arguments `['--select', 'fqn:*']` with arguments: `['insurance_case.age_at_diagnosis']`.
INFO: __ASSET_JOB - 8b4b4f07-e3c5-494f-8660-7aa2e00f0bbe - insurance_case - A dbt subsetted execution is being performed. Overriding default dbt selection arguments `['--select', 'fqn:*']` with arguments: `['insurance_case.age_at_diagnosis']`.
[32m2025-10-26 15:19:05 -0600[0m - dagster - [34mINFO[0m - __ASSET_JOB - 8b4b4f07-e3c5-494f-8660-7aa2e00f0bbe - insurance_case - Copying `/home/armando/git/insurance_case/insurance_case/target/partial_parse.msgpack` to `/home/armando/git/insurance_case/insurance_case/target/insurance_case-8b4b4f0-4a6cf98/partial_parse.msgpack` to take advantage of partial parsing.
INFO: __ASSET_JOB - 8b4b4f07-e3c5-494f-8660-7aa2e00f0bbe - insurance_case - Copying `/home/armando/git/insurance_case/insurance_case/target/partial_parse.msgpack` to `/home/armando/git/insurance_case/insurance_case/target/insurance_case-8b4b4f0-4a6cf98/partial_parse.msgpack` to take advantage of partial parsing.
[32m2025-10-26 15:19:05 -0600[0m - dagster - [34mINFO[0m - __ASSET_JOB - 8b4b4f07-e3c5-494f-8660-7aa2e00f0bbe - insurance_case - Running dbt command: `dbt build --select insurance_case.age_at_diagnosis`.
INFO: __ASSET_JOB - 8b4b4f07-e3c5-494f-8660-7aa2e00f0bbe - insurance_case - Running dbt command: `dbt build --select insurance_case.age_at_diagnosis`.
[32m2025-10-26 15:19:08 -0600[0m - dagster - [34mINFO[0m - __ASSET_JOB - 8b4b4f07-e3c5-494f-8660-7aa2e00f0bbe - insurance_case - Finished dbt command: `dbt build --select insurance_case.age_at_diagnosis`.
INFO: __ASSET_JOB - 8b4b4f07-e3c5-494f-8660-7aa2e00f0bbe - insurance_case - Finished dbt command: `dbt build --select insurance_case.age_at_diagnosis`.
[32m2025-10-26 15:19:08 -0600[0m - dagster - [34mERROR[0m - [31m__ASSET_JOB - 8b4b4f07-e3c5-494f-8660-7aa2e00f0bbe - 3942343 - insurance_case - STEP_FAILURE - Execution of step "insurance_case" failed.

dagster_dbt.errors.DagsterDbtCliRuntimeError: The dbt CLI process with command

`dbt build --select insurance_case.age_at_diagnosis`

failed with exit code `2`. Check the stdout in the Dagster compute logs for the full information about the error, or view the dbt debug log: /home/armando/git/insurance_case/insurance_case/target/insurance_case-8b4b4f0-4a6cf98/dbt.log.

Errors parsed from dbt logs:

Encountered an error:
Runtime Error
  IO Error: Could not set lock on file "/home/armando/git/insurance_case/insurance_case/../dagster-quickstart/insurance_case.db": Conflicting lock is held in /snap/duckdb/9/duckdb (PID 3932074) by user armando. See also https://duckdb.org/docs/stable/connect/concurrency

Stack Trace:
  File "/home/armando/git/insurance_case/dagster-quickstart/.venv/lib/python3.12/site-packages/dagster/_core/execution/plan/execute_plan.py", line 247, in dagster_event_sequence_for_step
    yield from check.generator(step_events)
  File "/home/armando/git/insurance_case/dagster-quickstart/.venv/lib/python3.12/site-packages/dagster/_core/execution/plan/execute_step.py", line 504, in core_dagster_event_sequence_for_step
    for user_event in _step_output_error_checked_user_event_sequence(
  File "/home/armando/git/insurance_case/dagster-quickstart/.venv/lib/python3.12/site-packages/dagster/_core/execution/plan/execute_step.py", line 183, in _step_output_error_checked_user_event_sequence
    for user_event in user_event_sequence:
  File "/home/armando/git/insurance_case/dagster-quickstart/.venv/lib/python3.12/site-packages/dagster/_core/execution/plan/execute_step.py", line 88, in _process_asset_results_to_events
    for user_event in user_event_sequence:
  File "/home/armando/git/insurance_case/dagster-quickstart/.venv/lib/python3.12/site-packages/dagster/_core/execution/plan/compute.py", line 190, in execute_core_compute
    for step_output in _yield_compute_results(step_context, inputs, compute_fn, compute_context):
  File "/home/armando/git/insurance_case/dagster-quickstart/.venv/lib/python3.12/site-packages/dagster/_core/execution/plan/compute.py", line 159, in _yield_compute_results
    for event in iterate_with_context(
  File "/home/armando/git/insurance_case/dagster-quickstart/.venv/lib/python3.12/site-packages/dagster/_utils/__init__.py", line 392, in iterate_with_context
    next_output = next(iterator)
                  ^^^^^^^^^^^^^^
  File "/home/armando/git/insurance_case/dagster-quickstart/.venv/lib/python3.12/site-packages/dagster_dbt/components/dbt_project/component.py", line 282, in _fn
    yield from self.execute(context=context, dbt=self.cli_resource)
  File "/home/armando/git/insurance_case/dagster-quickstart/.venv/lib/python3.12/site-packages/dagster_dbt/components/dbt_project/component.py", line 340, in execute
    yield from self._get_dbt_event_iterator(context, dbt)
  File "/home/armando/git/insurance_case/dagster-quickstart/.venv/lib/python3.12/site-packages/dagster_dbt/core/dbt_event_iterator.py", line 215, in __next__
    return next(self._inner_iterator)
           ^^^^^^^^^^^^^^^^^^^^^^^^^^
  File "/home/armando/git/insurance_case/dagster-quickstart/.venv/lib/python3.12/site-packages/dagster_dbt/core/dbt_cli_invocation.py", line 289, in _stream_asset_events
    for event in self.stream_raw_events():
  File "/home/armando/git/insurance_case/dagster-quickstart/.venv/lib/python3.12/site-packages/dagster_dbt/core/dbt_cli_invocation.py", line 382, in stream_raw_events
    self._raise_on_error()
  File "/home/armando/git/insurance_case/dagster-quickstart/.venv/lib/python3.12/site-packages/dagster_dbt/core/dbt_cli_invocation.py", line 475, in _raise_on_error
    raise error
[0m
