[32m2025-10-25 16:33:21 -0600[0m - dagster - [34mDEBUG[0m - __ASSET_JOB - 252e05c8-b0af-4c1d-955f-de43296f8e23 - 2504134 - LOGS_CAPTURED - Started capturing logs in process (pid: 2504134).
[32m2025-10-25 16:33:21 -0600[0m - dagster - [34mDEBUG[0m - __ASSET_JOB - 252e05c8-b0af-4c1d-955f-de43296f8e23 - 2504134 - init_datawarehouse_resourses - STEP_START - Started execution of step "init_datawarehouse_resourses".
[32m2025-10-25 16:33:21 -0600[0m - dagster - [34mERROR[0m - [31m__ASSET_JOB - 252e05c8-b0af-4c1d-955f-de43296f8e23 - 2504134 - init_datawarehouse_resourses - STEP_FAILURE - Execution of step "init_datawarehouse_resourses" failed.

dagster._core.errors.DagsterExecutionStepExecutionError: Error occurred while executing op "init_datawarehouse_resourses"::

NameError: name 'datewarehouse_resources_creator' is not defined. Did you mean: 'datawarehouse_resources_creator'?

Stack Trace:
  File "/home/armando/git/insurance_case/dagster-quickstart/.venv/lib/python3.12/site-packages/dagster/_core/execution/plan/utils.py", line 57, in op_execution_error_boundary
    yield
  File "/home/armando/git/insurance_case/dagster-quickstart/.venv/lib/python3.12/site-packages/dagster/_utils/__init__.py", line 392, in iterate_with_context
    next_output = next(iterator)
                  ^^^^^^^^^^^^^^
  File "/home/armando/git/insurance_case/dagster-quickstart/.venv/lib/python3.12/site-packages/dagster/_core/execution/plan/compute_generator.py", line 137, in _coerce_op_compute_fn_to_iterator
    result = invoke_compute_fn(
             ^^^^^^^^^^^^^^^^^^
  File "/home/armando/git/insurance_case/dagster-quickstart/.venv/lib/python3.12/site-packages/dagster/_core/execution/plan/compute_generator.py", line 117, in invoke_compute_fn
    return fn(context, **args_to_pass) if context_arg_provided else fn(**args_to_pass)
                                                                    ^^^^^^^^^^^^^^^^^^
  File "/home/armando/git/insurance_case/dagster-quickstart/src/dagster_quickstart/defs/assets_silver.py", line 605, in init_datawarehouse_resources
    datewarehouse_resources_creator.init_date_view_dimensions()
    ^^^^^^^^^^^^^^^^^^^^^^^^^^^^^^^
[0m
