[32m2025-10-25 13:23:24 -0600[0m - dagster - [34mDEBUG[0m - __ASSET_JOB - 254f99d8-69fe-40bd-85c1-bfe1bf8d1ce0 - 2209798 - LOGS_CAPTURED - Started capturing logs in process (pid: 2209798).
[32m2025-10-25 13:23:24 -0600[0m - dagster - [34mDEBUG[0m - __ASSET_JOB - 254f99d8-69fe-40bd-85c1-bfe1bf8d1ce0 - 2209798 - extract_certificates - STEP_START - Started execution of step "extract_certificates".
INFO: Context impl SQLiteImpl.
INFO: Will assume non-transactional DDL.
[32m2025-10-25 13:23:24 -0600[0m - dagster - [34mERROR[0m - [31m__ASSET_JOB - 254f99d8-69fe-40bd-85c1-bfe1bf8d1ce0 - 2209798 - extract_certificates - STEP_FAILURE - Execution of step "extract_certificates" failed.

dagster._core.errors.DagsterExecutionStepExecutionError: Error occurred while executing op "extract_certificates"::

_duckdb.CatalogException: Catalog Error: Table with name data does not exist!
Did you mean "pg_catalog.pg_database"?

LINE 1: ... OR REPLACE TABLE bronze.dim_certificates AS SELECT * FROM self.data
                                                                      ^

Stack Trace:
  File "/home/armando/git/insurance_case/dagster-quickstart/.venv/lib/python3.12/site-packages/dagster/_core/execution/plan/utils.py", line 57, in op_execution_error_boundary
    yield
  File "/home/armando/git/insurance_case/dagster-quickstart/.venv/lib/python3.12/site-packages/dagster/_utils/__init__.py", line 392, in iterate_with_context
    next_output = next(iterator)
                  ^^^^^^^^^^^^^^
  File "/home/armando/git/insurance_case/dagster-quickstart/.venv/lib/python3.12/site-packages/dagster/_core/execution/plan/compute_generator.py", line 137, in _coerce_op_compute_fn_to_iterator
    result = invoke_compute_fn(
             ^^^^^^^^^^^^^^^^^^
  File "/home/armando/git/insurance_case/dagster-quickstart/.venv/lib/python3.12/site-packages/dagster/_core/execution/plan/compute_generator.py", line 117, in invoke_compute_fn
    return fn(context, **args_to_pass) if context_arg_provided else fn(**args_to_pass)
                                                                    ^^^^^^^^^^^^^^^^^^
  File "/home/armando/git/insurance_case/dagster-quickstart/src/dagster_quickstart/defs/assets_silver.py", line 629, in extract_certificates
    extractor.export_data()
  File "/home/armando/git/insurance_case/dagster-quickstart/src/dagster_quickstart/defs/assets_silver.py", line 514, in export_data
    conn.sql("CREATE OR REPLACE TABLE bronze.dim_certificates AS SELECT * FROM self.data")
[0m
