[32m2025-10-31 11:53:34 -0600[0m - dagster - [34mDEBUG[0m - __ASSET_JOB - 2e7552d9-6896-4562-96cd-e090278b86f4 - 2218775 - LOGS_CAPTURED - Started capturing logs in process (pid: 2218775).
[32m2025-10-31 11:53:34 -0600[0m - dagster - [34mDEBUG[0m - __ASSET_JOB - 2e7552d9-6896-4562-96cd-e090278b86f4 - 2218775 - load_fact_consultation - STEP_START - Started execution of step "load_fact_consultation".
INFO: Context impl SQLiteImpl.
INFO: Will assume non-transactional DDL.
[32m2025-10-31 11:53:34 -0600[0m - dagster - [34mERROR[0m - [31m__ASSET_JOB - 2e7552d9-6896-4562-96cd-e090278b86f4 - 2218775 - load_fact_consultation - STEP_FAILURE - Execution of step "load_fact_consultation" failed.

dagster._core.errors.DagsterExecutionStepExecutionError: Error occurred while executing op "load_fact_consultation"::

_duckdb.BinderException: Binder Error: Referenced column "consultation_date_id" not found in FROM clause!
Candidate bindings: "holiday_indicator", "month_name", "term_begin_date_id", "is_end_of_month", "month"

Stack Trace:
  File "/home/armando/git/insurance_case/dagster-quickstart/.venv/lib/python3.12/site-packages/dagster/_core/execution/plan/utils.py", line 57, in op_execution_error_boundary
    yield
  File "/home/armando/git/insurance_case/dagster-quickstart/.venv/lib/python3.12/site-packages/dagster/_utils/__init__.py", line 392, in iterate_with_context
    next_output = next(iterator)
                  ^^^^^^^^^^^^^^
  File "/home/armando/git/insurance_case/dagster-quickstart/.venv/lib/python3.12/site-packages/dagster/_core/execution/plan/compute_generator.py", line 137, in _coerce_op_compute_fn_to_iterator
    result = invoke_compute_fn(
             ^^^^^^^^^^^^^^^^^^
  File "/home/armando/git/insurance_case/dagster-quickstart/.venv/lib/python3.12/site-packages/dagster/_core/execution/plan/compute_generator.py", line 117, in invoke_compute_fn
    return fn(context, **args_to_pass) if context_arg_provided else fn(**args_to_pass)
           ^^^^^^^^^^^^^^^^^^^^^^^^^^^
  File "/home/armando/git/insurance_case/dagster-quickstart/src/dagster_quickstart/defs/assets_silver.py", line 285, in load_fact_consultation
    inputs['dim_consultation_date'] = conn.sql("SELECT consultation_date_id, date FROM silver.dim_term_begin_date").df()
                                      ^^^^^^^^^^^^^^^^^^^^^^^^^^^^^^^^^^^^^^^^^^^^^^^^^^^^^^^^^^^^^^^^^^^^^^^^^^^^^
[0m
