[32m2025-10-25 12:42:51 -0600[0m - dagster - [34mDEBUG[0m - __ASSET_JOB - 504984c5-0177-4f9c-9055-3d8037511966 - 2143776 - LOGS_CAPTURED - Started capturing logs in process (pid: 2143776).
[32m2025-10-25 12:42:51 -0600[0m - dagster - [34mDEBUG[0m - __ASSET_JOB - 504984c5-0177-4f9c-9055-3d8037511966 - 2143776 - extract_certificates - STEP_START - Started execution of step "extract_certificates".
INFO: Context impl SQLiteImpl.
INFO: Will assume non-transactional DDL.
[32m2025-10-25 12:42:51 -0600[0m - dagster - [34mERROR[0m - [31m__ASSET_JOB - 504984c5-0177-4f9c-9055-3d8037511966 - 2143776 - extract_certificates - STEP_FAILURE - Execution of step "extract_certificates" failed.

dagster._core.errors.DagsterExecutionStepExecutionError: Error occurred while executing op "extract_certificates"::

_duckdb.CatalogException: Catalog Error: Table with name error_events_detail does not exist!
Did you mean "pg_prepared_statements"?

LINE 1: ...SERT INTO governance.fact_error_event_detail SELECT * FROM error_events_detail
                                                                      ^

Stack Trace:
  File "/home/armando/git/insurance_case/dagster-quickstart/.venv/lib/python3.12/site-packages/dagster/_core/execution/plan/utils.py", line 57, in op_execution_error_boundary
    yield
  File "/home/armando/git/insurance_case/dagster-quickstart/.venv/lib/python3.12/site-packages/dagster/_utils/__init__.py", line 392, in iterate_with_context
    next_output = next(iterator)
                  ^^^^^^^^^^^^^^
  File "/home/armando/git/insurance_case/dagster-quickstart/.venv/lib/python3.12/site-packages/dagster/_core/execution/plan/compute_generator.py", line 137, in _coerce_op_compute_fn_to_iterator
    result = invoke_compute_fn(
             ^^^^^^^^^^^^^^^^^^
  File "/home/armando/git/insurance_case/dagster-quickstart/.venv/lib/python3.12/site-packages/dagster/_core/execution/plan/compute_generator.py", line 117, in invoke_compute_fn
    return fn(context, **args_to_pass) if context_arg_provided else fn(**args_to_pass)
                                                                    ^^^^^^^^^^^^^^^^^^
  File "/home/armando/git/insurance_case/dagster-quickstart/src/dagster_quickstart/defs/assets_silver.py", line 613, in extract_certificates
    error_events_generator.export_error_events()
  File "/home/armando/git/insurance_case/dagster-quickstart/src/dagster_quickstart/defs/assets_silver.py", line 526, in export_error_events
    conn.sql("INSERT INTO governance.fact_error_event_detail SELECT * FROM error_events_detail")
[0m
