[32m2025-10-25 17:05:39 -0600[0m - dagster - [34mDEBUG[0m - __ASSET_JOB - 88a09e39-df59-4e63-a990-ff05c88cc932 - 2556506 - LOGS_CAPTURED - Started capturing logs in process (pid: 2556506).
[32m2025-10-25 17:05:39 -0600[0m - dagster - [34mDEBUG[0m - __ASSET_JOB - 88a09e39-df59-4e63-a990-ff05c88cc932 - 2556506 - load_dim_certificate - STEP_START - Started execution of step "load_dim_certificate".
INFO: Context impl SQLiteImpl.
INFO: Will assume non-transactional DDL.
[32m2025-10-25 17:05:39 -0600[0m - dagster - [34mERROR[0m - [31m__ASSET_JOB - 88a09e39-df59-4e63-a990-ff05c88cc932 - 2556506 - load_dim_certificate - STEP_FAILURE - Execution of step "load_dim_certificate" failed.

dagster._core.errors.DagsterExecutionStepExecutionError: Error occurred while executing op "load_dim_certificate"::

TypeError: DimensionManager.build_dimension() takes 1 positional argument but 2 were given

Stack Trace:
  File "/home/armando/git/insurance_case/dagster-quickstart/.venv/lib/python3.12/site-packages/dagster/_core/execution/plan/utils.py", line 57, in op_execution_error_boundary
    yield
  File "/home/armando/git/insurance_case/dagster-quickstart/.venv/lib/python3.12/site-packages/dagster/_utils/__init__.py", line 392, in iterate_with_context
    next_output = next(iterator)
                  ^^^^^^^^^^^^^^
  File "/home/armando/git/insurance_case/dagster-quickstart/.venv/lib/python3.12/site-packages/dagster/_core/execution/plan/compute_generator.py", line 137, in _coerce_op_compute_fn_to_iterator
    result = invoke_compute_fn(
             ^^^^^^^^^^^^^^^^^^
  File "/home/armando/git/insurance_case/dagster-quickstart/.venv/lib/python3.12/site-packages/dagster/_core/execution/plan/compute_generator.py", line 117, in invoke_compute_fn
    return fn(context, **args_to_pass) if context_arg_provided else fn(**args_to_pass)
                                                                    ^^^^^^^^^^^^^^^^^^
  File "/home/armando/git/insurance_case/dagster-quickstart/src/dagster_quickstart/defs/assets_silver.py", line 728, in load_dim_cerfificate
    dimension_manager.build_dimension(certificate_dimension_builder)
[0m
