[32m2025-10-25 12:02:46 -0600[0m - dagster - [34mDEBUG[0m - __ASSET_JOB - 390becf2-07df-43c5-855c-5df7d595cde6 - 2079743 - LOGS_CAPTURED - Started capturing logs in process (pid: 2079743).
[32m2025-10-25 12:02:46 -0600[0m - dagster - [34mDEBUG[0m - __ASSET_JOB - 390becf2-07df-43c5-855c-5df7d595cde6 - 2079743 - generate_dim_screen - STEP_START - Started execution of step "generate_dim_screen".
INFO: Context impl SQLiteImpl.
INFO: Will assume non-transactional DDL.
[32m2025-10-25 12:02:46 -0600[0m - dagster - [34mERROR[0m - [31m__ASSET_JOB - 390becf2-07df-43c5-855c-5df7d595cde6 - 2079743 - generate_dim_screen - STEP_FAILURE - Execution of step "generate_dim_screen" failed.

dagster._core.errors.DagsterExecutionStepExecutionError: Error occurred while executing op "generate_dim_screen"::

_duckdb.IOException: IO Error: Could not set lock on file "/home/armando/git/insurance_case/dagster-quickstart/insurance_case.db": Conflicting lock is held in /snap/duckdb/9/duckdb (PID 2052004) by user armando. See also https://duckdb.org/docs/stable/connect/concurrency

Stack Trace:
  File "/home/armando/git/insurance_case/dagster-quickstart/.venv/lib/python3.12/site-packages/dagster/_core/execution/plan/utils.py", line 57, in op_execution_error_boundary
    yield
  File "/home/armando/git/insurance_case/dagster-quickstart/.venv/lib/python3.12/site-packages/dagster/_utils/__init__.py", line 392, in iterate_with_context
    next_output = next(iterator)
                  ^^^^^^^^^^^^^^
  File "/home/armando/git/insurance_case/dagster-quickstart/.venv/lib/python3.12/site-packages/dagster/_core/execution/plan/compute_generator.py", line 137, in _coerce_op_compute_fn_to_iterator
    result = invoke_compute_fn(
             ^^^^^^^^^^^^^^^^^^
  File "/home/armando/git/insurance_case/dagster-quickstart/.venv/lib/python3.12/site-packages/dagster/_core/execution/plan/compute_generator.py", line 117, in invoke_compute_fn
    return fn(context, **args_to_pass) if context_arg_provided else fn(**args_to_pass)
                                                                    ^^^^^^^^^^^^^^^^^^
  File "/home/armando/git/insurance_case/dagster-quickstart/src/dagster_quickstart/defs/assets_silver.py", line 220, in generate_dim_screen
    dimension_manager.init_screen_dimension()
  File "/home/armando/git/insurance_case/dagster-quickstart/src/dagster_quickstart/defs/assets_silver.py", line 189, in init_screen_dimension
    conn = duckdb.connect("insurance_case.db")
           ^^^^^^^^^^^^^^^^^^^^^^^^^^^^^^^^^^^
[0m
