[32m2025-10-25 23:31:31 -0600[0m - dagster - [34mDEBUG[0m - __ASSET_JOB - b8d35d79-b16d-4110-bde8-b473b05e7aab - 3167915 - LOGS_CAPTURED - Started capturing logs in process (pid: 3167915).
[32m2025-10-25 23:31:31 -0600[0m - dagster - [34mDEBUG[0m - __ASSET_JOB - b8d35d79-b16d-4110-bde8-b473b05e7aab - 3167915 - load_fact_consultation - STEP_START - Started execution of step "load_fact_consultation".
INFO: Context impl SQLiteImpl.
INFO: Will assume non-transactional DDL.
[32m2025-10-25 23:31:31 -0600[0m - dagster - [34mERROR[0m - [31m__ASSET_JOB - b8d35d79-b16d-4110-bde8-b473b05e7aab - 3167915 - load_fact_consultation - STEP_FAILURE - Execution of step "load_fact_consultation" failed.

dagster._core.errors.DagsterExecutionStepExecutionError: Error occurred while executing op "load_fact_consultation"::

_duckdb.CatalogException: Catalog Error: Table with name fact_consultation does not exist!
Did you mean "fact_consultations"?

Stack Trace:
  File "/home/armando/git/insurance_case/dagster-quickstart/.venv/lib/python3.12/site-packages/dagster/_core/execution/plan/utils.py", line 57, in op_execution_error_boundary
    yield
  File "/home/armando/git/insurance_case/dagster-quickstart/.venv/lib/python3.12/site-packages/dagster/_utils/__init__.py", line 392, in iterate_with_context
    next_output = next(iterator)
                  ^^^^^^^^^^^^^^
  File "/home/armando/git/insurance_case/dagster-quickstart/.venv/lib/python3.12/site-packages/dagster/_core/execution/plan/compute_generator.py", line 137, in _coerce_op_compute_fn_to_iterator
    result = invoke_compute_fn(
             ^^^^^^^^^^^^^^^^^^
  File "/home/armando/git/insurance_case/dagster-quickstart/.venv/lib/python3.12/site-packages/dagster/_core/execution/plan/compute_generator.py", line 117, in invoke_compute_fn
    return fn(context, **args_to_pass) if context_arg_provided else fn(**args_to_pass)
                                                                    ^^^^^^^^^^^^^^^^^^
  File "/home/armando/git/insurance_case/dagster-quickstart/src/dagster_quickstart/defs/assets_silver.py", line 1240, in load_fact_consultation
    fact_manager.build_fact(consultation_fact_builder)
  File "/home/armando/git/insurance_case/dagster-quickstart/src/dagster_quickstart/defs/assets_silver.py", line 1088, in build_fact
    fact_builder.build_fact()
  File "/home/armando/git/insurance_case/dagster-quickstart/src/dagster_quickstart/defs/assets_silver.py", line 1042, in build_fact
    bronze_fact = conn.sql("SELECT * FROM bronze.fact_consultation").df()
                  ^^^^^^^^^^^^^^^^^^^^^^^^^^^^^^^^^^^^^^^^^^^^^^^^^^
[0m
