[32m2025-10-31 12:25:54 -0600[0m - dagster - [34mDEBUG[0m - __ASSET_JOB - ebb81cc5-8e71-482c-ad96-7a80de06eae7 - 2271088 - LOGS_CAPTURED - Started capturing logs in process (pid: 2271088).
[32m2025-10-31 12:25:54 -0600[0m - dagster - [34mDEBUG[0m - __ASSET_JOB - ebb81cc5-8e71-482c-ad96-7a80de06eae7 - 2271088 - load_bridge_consultation_diagnosis - STEP_START - Started execution of step "load_bridge_consultation_diagnosis".
INFO: Context impl SQLiteImpl.
INFO: Will assume non-transactional DDL.
[32m2025-10-31 12:25:54 -0600[0m - dagster - [34mERROR[0m - [31m__ASSET_JOB - ebb81cc5-8e71-482c-ad96-7a80de06eae7 - 2271088 - load_bridge_consultation_diagnosis - STEP_FAILURE - Execution of step "load_bridge_consultation_diagnosis" failed.

dagster._core.errors.DagsterExecutionStepExecutionError: Error occurred while executing op "load_bridge_consultation_diagnosis"::

KeyError: 'dim_cie'

Stack Trace:
  File "/home/armando/git/insurance_case/dagster-quickstart/.venv/lib/python3.12/site-packages/dagster/_core/execution/plan/utils.py", line 57, in op_execution_error_boundary
    yield
  File "/home/armando/git/insurance_case/dagster-quickstart/.venv/lib/python3.12/site-packages/dagster/_utils/__init__.py", line 392, in iterate_with_context
    next_output = next(iterator)
                  ^^^^^^^^^^^^^^
  File "/home/armando/git/insurance_case/dagster-quickstart/.venv/lib/python3.12/site-packages/dagster/_core/execution/plan/compute_generator.py", line 137, in _coerce_op_compute_fn_to_iterator
    result = invoke_compute_fn(
             ^^^^^^^^^^^^^^^^^^
  File "/home/armando/git/insurance_case/dagster-quickstart/.venv/lib/python3.12/site-packages/dagster/_core/execution/plan/compute_generator.py", line 117, in invoke_compute_fn
    return fn(context, **args_to_pass) if context_arg_provided else fn(**args_to_pass)
           ^^^^^^^^^^^^^^^^^^^^^^^^^^^
  File "/home/armando/git/insurance_case/dagster-quickstart/src/dagster_quickstart/defs/assets_silver.py", line 365, in load_bridge_consultation_diagnosis
    fact_manager.build_fact(builder, inputs)
  File "/home/armando/git/insurance_case/dagster-quickstart/src/dagster_quickstart/lib/fact_management.py", line 183, in build_fact
    fact_builder.build_fact(inputs)
  File "/home/armando/git/insurance_case/dagster-quickstart/src/dagster_quickstart/lib/fact_management.py", line 94, in build_fact
    silver_cie_id = inputs['dim_cie']
                    ~~~~~~^^^^^^^^^^^
[0m
