[32m2025-10-25 11:43:58 -0600[0m - dagster - [34mDEBUG[0m - __ASSET_JOB - 1f40d711-0fc3-4745-a188-fb3c90a7b214 - 2050002 - LOGS_CAPTURED - Started capturing logs in process (pid: 2050002).
[32m2025-10-25 11:43:58 -0600[0m - dagster - [34mDEBUG[0m - __ASSET_JOB - 1f40d711-0fc3-4745-a188-fb3c90a7b214 - 2050002 - init_datawarehouse_resourses - STEP_START - Started execution of step "init_datawarehouse_resourses".
[32m2025-10-25 11:43:58 -0600[0m - dagster - [34mERROR[0m - [31m__ASSET_JOB - 1f40d711-0fc3-4745-a188-fb3c90a7b214 - 2050002 - init_datawarehouse_resourses - STEP_FAILURE - Execution of step "init_datawarehouse_resourses" failed.

dagster._core.errors.DagsterExecutionStepExecutionError: Error occurred while executing op "init_datawarehouse_resourses"::

NameError: name 'DatawarehouseResourceCreator' is not defined. Did you mean: 'DatawarehouseResourcesCreator'?

Stack Trace:
  File "/home/armando/git/insurance_case/dagster-quickstart/.venv/lib/python3.12/site-packages/dagster/_core/execution/plan/utils.py", line 57, in op_execution_error_boundary
    yield
  File "/home/armando/git/insurance_case/dagster-quickstart/.venv/lib/python3.12/site-packages/dagster/_utils/__init__.py", line 392, in iterate_with_context
    next_output = next(iterator)
                  ^^^^^^^^^^^^^^
  File "/home/armando/git/insurance_case/dagster-quickstart/.venv/lib/python3.12/site-packages/dagster/_core/execution/plan/compute_generator.py", line 137, in _coerce_op_compute_fn_to_iterator
    result = invoke_compute_fn(
             ^^^^^^^^^^^^^^^^^^
  File "/home/armando/git/insurance_case/dagster-quickstart/.venv/lib/python3.12/site-packages/dagster/_core/execution/plan/compute_generator.py", line 117, in invoke_compute_fn
    return fn(context, **args_to_pass) if context_arg_provided else fn(**args_to_pass)
                                                                    ^^^^^^^^^^^^^^^^^^
  File "/home/armando/git/insurance_case/dagster-quickstart/src/dagster_quickstart/defs/assets_silver.py", line 167, in init_datawarehouse_resources
    datawarehouse_resources_creator = DatawarehouseResourceCreator()
                                      ^^^^^^^^^^^^^^^^^^^^^^^^^^^^
[0m
