[32m2025-10-31 13:10:27 -0600[0m - dagster - [34mDEBUG[0m - generate_insurance_tables - d6db1253-fae5-447d-bfa8-6ab042a314ee - 2343659 - LOGS_CAPTURED - Started capturing logs in process (pid: 2343659).
[32m2025-10-31 13:10:27 -0600[0m - dagster - [34mDEBUG[0m - generate_insurance_tables - d6db1253-fae5-447d-bfa8-6ab042a314ee - 2343659 - extract_consultation_diagnoses - STEP_START - Started execution of step "extract_consultation_diagnoses".
[32m2025-10-31 13:10:27 -0600[0m - dagster - [34mERROR[0m - [31mgenerate_insurance_tables - d6db1253-fae5-447d-bfa8-6ab042a314ee - 2343659 - extract_consultation_diagnoses - STEP_FAILURE - Execution of step "extract_consultation_diagnoses" failed.

dagster._core.errors.DagsterExecutionStepExecutionError: Error occurred while executing op "extract_consultation_diagnoses"::

_duckdb.CatalogException: Catalog Error: Table with name fact_consultation does not exist!
Did you mean "dim_consultation_date"?

Stack Trace:
  File "/home/armando/git/insurance_case/dagster-quickstart/.venv/lib/python3.12/site-packages/dagster/_core/execution/plan/utils.py", line 57, in op_execution_error_boundary
    yield
  File "/home/armando/git/insurance_case/dagster-quickstart/.venv/lib/python3.12/site-packages/dagster/_utils/__init__.py", line 392, in iterate_with_context
    next_output = next(iterator)
                  ^^^^^^^^^^^^^^
  File "/home/armando/git/insurance_case/dagster-quickstart/.venv/lib/python3.12/site-packages/dagster/_core/execution/plan/compute_generator.py", line 137, in _coerce_op_compute_fn_to_iterator
    result = invoke_compute_fn(
             ^^^^^^^^^^^^^^^^^^
  File "/home/armando/git/insurance_case/dagster-quickstart/.venv/lib/python3.12/site-packages/dagster/_core/execution/plan/compute_generator.py", line 117, in invoke_compute_fn
    return fn(context, **args_to_pass) if context_arg_provided else fn(**args_to_pass)
           ^^^^^^^^^^^^^^^^^^^^^^^^^^^
  File "/home/armando/git/insurance_case/dagster-quickstart/src/dagster_quickstart/defs/assets_silver.py", line 316, in extract_consultation_diagnoses
    consultation_ids = conn.sql("SELECT consultation_id FROM silver.fact_consultation").df()
                       ^^^^^^^^^^^^^^^^^^^^^^^^^^^^^^^^^^^^^^^^^^^^^^^^^^^^^^^^^^^^^^^^
[0m
