[32m2025-10-31 13:10:27 -0600[0m - dagster - [34mDEBUG[0m - generate_insurance_tables - d6db1253-fae5-447d-bfa8-6ab042a314ee - 2343658 - LOGS_CAPTURED - Started capturing logs in process (pid: 2343658).
[32m2025-10-31 13:10:27 -0600[0m - dagster - [34mDEBUG[0m - generate_insurance_tables - d6db1253-fae5-447d-bfa8-6ab042a314ee - 2343658 - extract_claims - STEP_START - Started execution of step "extract_claims".
[32m2025-10-31 13:10:27 -0600[0m - dagster - [34mERROR[0m - [31mgenerate_insurance_tables - d6db1253-fae5-447d-bfa8-6ab042a314ee - 2343658 - extract_claims - STEP_FAILURE - Execution of step "extract_claims" failed.

dagster._core.errors.DagsterExecutionStepExecutionError: Error occurred while executing op "extract_claims"::

_duckdb.CatalogException: Catalog Error: Table with name dim_certificate does not exist!
Did you mean "dim_incident_date"?

Stack Trace:
  File "/home/armando/git/insurance_case/dagster-quickstart/.venv/lib/python3.12/site-packages/dagster/_core/execution/plan/utils.py", line 57, in op_execution_error_boundary
    yield
  File "/home/armando/git/insurance_case/dagster-quickstart/.venv/lib/python3.12/site-packages/dagster/_utils/__init__.py", line 392, in iterate_with_context
    next_output = next(iterator)
                  ^^^^^^^^^^^^^^
  File "/home/armando/git/insurance_case/dagster-quickstart/.venv/lib/python3.12/site-packages/dagster/_core/execution/plan/compute_generator.py", line 137, in _coerce_op_compute_fn_to_iterator
    result = invoke_compute_fn(
             ^^^^^^^^^^^^^^^^^^
  File "/home/armando/git/insurance_case/dagster-quickstart/.venv/lib/python3.12/site-packages/dagster/_core/execution/plan/compute_generator.py", line 117, in invoke_compute_fn
    return fn(context, **args_to_pass) if context_arg_provided else fn(**args_to_pass)
           ^^^^^^^^^^^^^^^^^^^^^^^^^^^
  File "/home/armando/git/insurance_case/dagster-quickstart/src/dagster_quickstart/defs/assets_silver.py", line 392, in extract_claims
    certificate_numbers = conn.sql("SELECT certificate_number FROM silver.dim_certificate").df()
                          ^^^^^^^^^^^^^^^^^^^^^^^^^^^^^^^^^^^^^^^^^^^^^^^^^^^^^^^^^^^^^^^^^
[0m
