[32m2025-10-31 22:17:24 -0600[0m - dagster - [34mDEBUG[0m - generate_gold_tables - 29e0b7f3-9cb7-4ddd-b7c7-c3fcc9be6833 - 2833397 - LOGS_CAPTURED - Started capturing logs in process (pid: 2833397).
[32m2025-10-31 22:17:24 -0600[0m - dagster - [34mDEBUG[0m - generate_gold_tables - 29e0b7f3-9cb7-4ddd-b7c7-c3fcc9be6833 - 2833397 - insurance_case - STEP_START - Started execution of step "insurance_case".
[32m2025-10-31 22:17:24 -0600[0m - dagster - [34mINFO[0m - generate_gold_tables - 29e0b7f3-9cb7-4ddd-b7c7-c3fcc9be6833 - insurance_case - A dbt subsetted execution is not being performed. Using the default dbt selection arguments `['--select', 'fqn:*']`.
INFO: generate_gold_tables - 29e0b7f3-9cb7-4ddd-b7c7-c3fcc9be6833 - insurance_case - A dbt subsetted execution is not being performed. Using the default dbt selection arguments `['--select', 'fqn:*']`.
[32m2025-10-31 22:17:27 -0600[0m - dagster - [34mINFO[0m - generate_gold_tables - 29e0b7f3-9cb7-4ddd-b7c7-c3fcc9be6833 - insurance_case - Copying `/home/armando/git/insurance_case/insurance_case/target/partial_parse.msgpack` to `/home/armando/git/insurance_case/insurance_case/target/insurance_case-29e0b7f-ccfd2ce/partial_parse.msgpack` to take advantage of partial parsing.
INFO: generate_gold_tables - 29e0b7f3-9cb7-4ddd-b7c7-c3fcc9be6833 - insurance_case - Copying `/home/armando/git/insurance_case/insurance_case/target/partial_parse.msgpack` to `/home/armando/git/insurance_case/insurance_case/target/insurance_case-29e0b7f-ccfd2ce/partial_parse.msgpack` to take advantage of partial parsing.
[32m2025-10-31 22:17:27 -0600[0m - dagster - [34mINFO[0m - generate_gold_tables - 29e0b7f3-9cb7-4ddd-b7c7-c3fcc9be6833 - insurance_case - Running dbt command: `dbt build --select fqn:*`.
INFO: generate_gold_tables - 29e0b7f3-9cb7-4ddd-b7c7-c3fcc9be6833 - insurance_case - Running dbt command: `dbt build --select fqn:*`.
[32m2025-10-31 22:17:29 -0600[0m - dagster - [34mDEBUG[0m - generate_gold_tables - 29e0b7f3-9cb7-4ddd-b7c7-c3fcc9be6833 - 2833397 - insurance_case - STEP_OUTPUT - Yielded output "report_age_at_diagnosis" of type "Nothing". (Type check passed).
INFO: Context impl SQLiteImpl.
INFO: Will assume non-transactional DDL.
[32m2025-10-31 22:17:29 -0600[0m - dagster - [34mDEBUG[0m - generate_gold_tables - 29e0b7f3-9cb7-4ddd-b7c7-c3fcc9be6833 - 2833397 - insurance_case - ASSET_MATERIALIZATION - Materialized value report_age_at_diagnosis.
[32m2025-10-31 22:17:29 -0600[0m - dagster - [34mDEBUG[0m - generate_gold_tables - 29e0b7f3-9cb7-4ddd-b7c7-c3fcc9be6833 - 2833397 - insurance_case - STEP_OUTPUT - Yielded output "report_age_at_diagnosis_assert_order" of type "Any". (Type check passed).
[32m2025-10-31 22:17:29 -0600[0m - dagster - [34mDEBUG[0m - generate_gold_tables - 29e0b7f3-9cb7-4ddd-b7c7-c3fcc9be6833 - 2833397 - insurance_case - ASSET_CHECK_EVALUATION - Asset check 'assert_order' on 'report_age_at_diagnosis' passed.
[32m2025-10-31 22:17:29 -0600[0m - dagster - [34mINFO[0m - generate_gold_tables - 29e0b7f3-9cb7-4ddd-b7c7-c3fcc9be6833 - insurance_case - Finished dbt command: `dbt build --select fqn:*`.
INFO: generate_gold_tables - 29e0b7f3-9cb7-4ddd-b7c7-c3fcc9be6833 - insurance_case - Finished dbt command: `dbt build --select fqn:*`.
[32m2025-10-31 22:17:29 -0600[0m - dagster - [34mERROR[0m - [31mgenerate_gold_tables - 29e0b7f3-9cb7-4ddd-b7c7-c3fcc9be6833 - 2833397 - insurance_case - STEP_FAILURE - Execution of step "insurance_case" failed.

dagster_dbt.errors.DagsterDbtCliRuntimeError: The dbt CLI process with command

`dbt build --select fqn:*`

failed with exit code `1`. Check the stdout in the Dagster compute logs for the full information about the error, or view the dbt debug log: /home/armando/git/insurance_case/insurance_case/target/insurance_case-29e0b7f-ccfd2ce/dbt.log.

Errors parsed from dbt logs:

2 of 3 ERROR creating sql table model gold.customer_interaction ................ [[31mERROR[0m in 0.03s]

[31mFailure in model customer_interaction (models/customer_interaction.sql)[0m

  Runtime Error in model customer_interaction (models/customer_interaction.sql)
  Binder Error: Values list "b" does not have a column named "date_name"
  
  LINE 18:            b.date_name AS 'fecha_de_interaccion'
                      ^

Stack Trace:
  File "/home/armando/git/insurance_case/dagster-quickstart/.venv/lib/python3.12/site-packages/dagster/_core/execution/plan/execute_plan.py", line 247, in dagster_event_sequence_for_step
    yield from check.generator(step_events)
  File "/home/armando/git/insurance_case/dagster-quickstart/.venv/lib/python3.12/site-packages/dagster/_core/execution/plan/execute_step.py", line 504, in core_dagster_event_sequence_for_step
    for user_event in _step_output_error_checked_user_event_sequence(
  File "/home/armando/git/insurance_case/dagster-quickstart/.venv/lib/python3.12/site-packages/dagster/_core/execution/plan/execute_step.py", line 183, in _step_output_error_checked_user_event_sequence
    for user_event in user_event_sequence:
  File "/home/armando/git/insurance_case/dagster-quickstart/.venv/lib/python3.12/site-packages/dagster/_core/execution/plan/execute_step.py", line 88, in _process_asset_results_to_events
    for user_event in user_event_sequence:
  File "/home/armando/git/insurance_case/dagster-quickstart/.venv/lib/python3.12/site-packages/dagster/_core/execution/plan/compute.py", line 190, in execute_core_compute
    for step_output in _yield_compute_results(step_context, inputs, compute_fn, compute_context):
  File "/home/armando/git/insurance_case/dagster-quickstart/.venv/lib/python3.12/site-packages/dagster/_core/execution/plan/compute.py", line 159, in _yield_compute_results
    for event in iterate_with_context(
  File "/home/armando/git/insurance_case/dagster-quickstart/.venv/lib/python3.12/site-packages/dagster/_utils/__init__.py", line 392, in iterate_with_context
    next_output = next(iterator)
                  ^^^^^^^^^^^^^^
  File "/home/armando/git/insurance_case/dagster-quickstart/.venv/lib/python3.12/site-packages/dagster_dbt/components/dbt_project/component.py", line 282, in _fn
    yield from self.execute(context=context, dbt=self.cli_resource)
  File "/home/armando/git/insurance_case/dagster-quickstart/.venv/lib/python3.12/site-packages/dagster_dbt/components/dbt_project/component.py", line 340, in execute
    yield from self._get_dbt_event_iterator(context, dbt)
  File "/home/armando/git/insurance_case/dagster-quickstart/.venv/lib/python3.12/site-packages/dagster_dbt/core/dbt_event_iterator.py", line 215, in __next__
    return next(self._inner_iterator)
           ^^^^^^^^^^^^^^^^^^^^^^^^^^
  File "/home/armando/git/insurance_case/dagster-quickstart/.venv/lib/python3.12/site-packages/dagster_dbt/core/dbt_cli_invocation.py", line 289, in _stream_asset_events
    for event in self.stream_raw_events():
  File "/home/armando/git/insurance_case/dagster-quickstart/.venv/lib/python3.12/site-packages/dagster_dbt/core/dbt_cli_invocation.py", line 382, in stream_raw_events
    self._raise_on_error()
  File "/home/armando/git/insurance_case/dagster-quickstart/.venv/lib/python3.12/site-packages/dagster_dbt/core/dbt_cli_invocation.py", line 475, in _raise_on_error
    raise error
[0m
