[32m2025-10-26 11:03:00 -0600[0m - dagster - [34mDEBUG[0m - __ASSET_JOB - 9cb12136-bce0-4f10-8f3c-c87ccd975e10 - 3531610 - LOGS_CAPTURED - Started capturing logs in process (pid: 3531610).
[32m2025-10-26 11:03:00 -0600[0m - dagster - [34mDEBUG[0m - __ASSET_JOB - 9cb12136-bce0-4f10-8f3c-c87ccd975e10 - 3531610 - load_fact_claim - STEP_START - Started execution of step "load_fact_claim".
INFO: Context impl SQLiteImpl.
INFO: Will assume non-transactional DDL.
[32m2025-10-26 11:03:00 -0600[0m - dagster - [34mERROR[0m - [31m__ASSET_JOB - 9cb12136-bce0-4f10-8f3c-c87ccd975e10 - 3531610 - load_fact_claim - STEP_FAILURE - Execution of step "load_fact_claim" failed.

dagster._core.errors.DagsterExecutionStepExecutionError: Error occurred while executing op "load_fact_claim"::

KeyError: "['surrugated_id'] not in index"

Stack Trace:
  File "/home/armando/git/insurance_case/dagster-quickstart/.venv/lib/python3.12/site-packages/dagster/_core/execution/plan/utils.py", line 57, in op_execution_error_boundary
    yield
  File "/home/armando/git/insurance_case/dagster-quickstart/.venv/lib/python3.12/site-packages/dagster/_utils/__init__.py", line 392, in iterate_with_context
    next_output = next(iterator)
                  ^^^^^^^^^^^^^^
  File "/home/armando/git/insurance_case/dagster-quickstart/.venv/lib/python3.12/site-packages/dagster/_core/execution/plan/compute_generator.py", line 137, in _coerce_op_compute_fn_to_iterator
    result = invoke_compute_fn(
             ^^^^^^^^^^^^^^^^^^
  File "/home/armando/git/insurance_case/dagster-quickstart/.venv/lib/python3.12/site-packages/dagster/_core/execution/plan/compute_generator.py", line 117, in invoke_compute_fn
    return fn(context, **args_to_pass) if context_arg_provided else fn(**args_to_pass)
                                                                    ^^^^^^^^^^^^^^^^^^
  File "/home/armando/git/insurance_case/dagster-quickstart/src/dagster_quickstart/defs/assets_silver.py", line 1511, in load_claim_consultation
    fact_manager.build_fact(claim_fact_builder)
  File "/home/armando/git/insurance_case/dagster-quickstart/src/dagster_quickstart/defs/assets_silver.py", line 1331, in build_fact
    fact_builder.build_fact()
  File "/home/armando/git/insurance_case/dagster-quickstart/src/dagster_quickstart/defs/assets_silver.py", line 1309, in build_fact
    self.silver_fact = silver_fact[columns_order]
                       ~~~~~~~~~~~^^^^^^^^^^^^^^^
  File "/home/armando/git/insurance_case/dagster-quickstart/.venv/lib/python3.12/site-packages/pandas/core/frame.py", line 4119, in __getitem__
    indexer = self.columns._get_indexer_strict(key, "columns")[1]
              ^^^^^^^^^^^^^^^^^^^^^^^^^^^^^^^^^^^^^^^^^^^^^^^^
  File "/home/armando/git/insurance_case/dagster-quickstart/.venv/lib/python3.12/site-packages/pandas/core/indexes/base.py", line 6212, in _get_indexer_strict
    self._raise_if_missing(keyarr, indexer, axis_name)
  File "/home/armando/git/insurance_case/dagster-quickstart/.venv/lib/python3.12/site-packages/pandas/core/indexes/base.py", line 6264, in _raise_if_missing
    raise KeyError(f"{not_found} not in index")
[0m
