[32m2025-10-26 12:47:04 -0600[0m - dagster - [34mDEBUG[0m - __ASSET_JOB - 68ea14bb-0eb2-4f91-962e-639d07ace842 - 3699788 - LOGS_CAPTURED - Started capturing logs in process (pid: 3699788).
[32m2025-10-26 12:47:04 -0600[0m - dagster - [34mDEBUG[0m - __ASSET_JOB - 68ea14bb-0eb2-4f91-962e-639d07ace842 - 3699788 - load_bridge_consultation_diagnosis - STEP_START - Started execution of step "load_bridge_consultation_diagnosis".
INFO: Context impl SQLiteImpl.
INFO: Will assume non-transactional DDL.
[32m2025-10-26 12:47:04 -0600[0m - dagster - [34mERROR[0m - [31m__ASSET_JOB - 68ea14bb-0eb2-4f91-962e-639d07ace842 - 3699788 - load_bridge_consultation_diagnosis - STEP_FAILURE - Execution of step "load_bridge_consultation_diagnosis" failed.

dagster._core.errors.DagsterExecutionStepExecutionError: Error occurred while executing op "load_bridge_consultation_diagnosis"::

_duckdb.CatalogException: Catalog Error: Table with name bridge_consultation_diagnosis does not exist!
Did you mean "bridge_consultation_diagnose"?

Stack Trace:
  File "/home/armando/git/insurance_case/dagster-quickstart/.venv/lib/python3.12/site-packages/dagster/_core/execution/plan/utils.py", line 57, in op_execution_error_boundary
    yield
  File "/home/armando/git/insurance_case/dagster-quickstart/.venv/lib/python3.12/site-packages/dagster/_utils/__init__.py", line 392, in iterate_with_context
    next_output = next(iterator)
                  ^^^^^^^^^^^^^^
  File "/home/armando/git/insurance_case/dagster-quickstart/.venv/lib/python3.12/site-packages/dagster/_core/execution/plan/compute_generator.py", line 137, in _coerce_op_compute_fn_to_iterator
    result = invoke_compute_fn(
             ^^^^^^^^^^^^^^^^^^
  File "/home/armando/git/insurance_case/dagster-quickstart/.venv/lib/python3.12/site-packages/dagster/_core/execution/plan/compute_generator.py", line 117, in invoke_compute_fn
    return fn(context, **args_to_pass) if context_arg_provided else fn(**args_to_pass)
                                                                    ^^^^^^^^^^^^^^^^^^
  File "/home/armando/git/insurance_case/dagster-quickstart/src/dagster_quickstart/defs/assets_silver.py", line 1600, in load_bridge_consultation_diagnosis
    fact_manager.build_fact(builder)
  File "/home/armando/git/insurance_case/dagster-quickstart/src/dagster_quickstart/defs/assets_silver.py", line 1420, in build_fact
    fact_builder.build_fact()
  File "/home/armando/git/insurance_case/dagster-quickstart/src/dagster_quickstart/defs/assets_silver.py", line 1323, in build_fact
    bronze_fact = conn.sql("SELECT * FROM bronze.bridge_consultation_diagnosis").df()
                  ^^^^^^^^^^^^^^^^^^^^^^^^^^^^^^^^^^^^^^^^^^^^^^^^^^^^^^^^^^^^^^
[0m
