[32m2025-10-30 19:35:58 -0600[0m - dagster - [34mDEBUG[0m - __ASSET_JOB - 86425512-6374-4ed5-9cf9-e5c6478008e6 - 1419515 - LOGS_CAPTURED - Started capturing logs in process (pid: 1419515).
[32m2025-10-30 19:35:58 -0600[0m - dagster - [34mDEBUG[0m - __ASSET_JOB - 86425512-6374-4ed5-9cf9-e5c6478008e6 - 1419515 - silver_dim_date - STEP_START - Started execution of step "silver_dim_date".
INFO: Context impl SQLiteImpl.
INFO: Will assume non-transactional DDL.
/home/armando/git/insurance_case/dagster-quickstart/src/dagster_quickstart/lib/special_dimensions.py:72: FutureWarning: The behavior of 'isin' with dtype=datetime64[ns] and castable values (e.g. strings) is deprecated. In a future version, these will not be considered matching by isin. Explicitly cast to the appropriate dtype before calling isin instead.
  dim_date.loc[dim_date['date'].isin(['2025-01-01', '2025-02-05', '2025-03-21', '2025-05-01',
[32m2025-10-30 19:35:59 -0600[0m - dagster - [34mERROR[0m - [31m__ASSET_JOB - 86425512-6374-4ed5-9cf9-e5c6478008e6 - 1419515 - silver_dim_date - STEP_FAILURE - Execution of step "silver_dim_date" failed.

dagster._core.errors.DagsterExecutionStepExecutionError: Error occurred while executing op "silver_dim_date"::

ValueError: All arrays must be of the same length

Stack Trace:
  File "/home/armando/git/insurance_case/dagster-quickstart/.venv/lib/python3.12/site-packages/dagster/_core/execution/plan/utils.py", line 57, in op_execution_error_boundary
    yield
  File "/home/armando/git/insurance_case/dagster-quickstart/.venv/lib/python3.12/site-packages/dagster/_utils/__init__.py", line 392, in iterate_with_context
    next_output = next(iterator)
                  ^^^^^^^^^^^^^^
  File "/home/armando/git/insurance_case/dagster-quickstart/.venv/lib/python3.12/site-packages/dagster/_core/execution/plan/compute_generator.py", line 137, in _coerce_op_compute_fn_to_iterator
    result = invoke_compute_fn(
             ^^^^^^^^^^^^^^^^^^
  File "/home/armando/git/insurance_case/dagster-quickstart/.venv/lib/python3.12/site-packages/dagster/_core/execution/plan/compute_generator.py", line 117, in invoke_compute_fn
    return fn(context, **args_to_pass) if context_arg_provided else fn(**args_to_pass)
           ^^^^^^^^^^^^^^^^^^^^^^^^^^^
  File "/home/armando/git/insurance_case/dagster-quickstart/src/dagster_quickstart/defs/assets_init_db.py", line 40, in silver_dim_date
    dim_date = dimension_manager.init_date_dimension()
               ^^^^^^^^^^^^^^^^^^^^^^^^^^^^^^^^^^^^^^^
  File "/home/armando/git/insurance_case/dagster-quickstart/src/dagster_quickstart/lib/dimension_management.py", line 110, in init_date_dimension
    self.special_dimension_manager.create_date_dimension()
  File "/home/armando/git/insurance_case/dagster-quickstart/src/dagster_quickstart/lib/special_dimensions.py", line 75, in create_date_dimension
    special_dates = pd.DataFrame({'date_id': [-1, -2, -3, -4],
                    ^^^^^^^^^^^^^^^^^^^^^^^^^^^^^^^^^^^^^^^^^^
  File "/home/armando/git/insurance_case/dagster-quickstart/.venv/lib/python3.12/site-packages/pandas/core/frame.py", line 782, in __init__
    mgr = dict_to_mgr(data, index, columns, dtype=dtype, copy=copy, typ=manager)
          ^^^^^^^^^^^^^^^^^^^^^^^^^^^^^^^^^^^^^^^^^^^^^^^^^^^^^^^^^^^^^^^^^^^^^^
  File "/home/armando/git/insurance_case/dagster-quickstart/.venv/lib/python3.12/site-packages/pandas/core/internals/construction.py", line 503, in dict_to_mgr
    return arrays_to_mgr(arrays, columns, index, dtype=dtype, typ=typ, consolidate=copy)
           ^^^^^^^^^^^^^^^^^^^^^^^^^^^^^^^^^^^^^^^^^^^^^^^^^^^^^^^^^^^^^^^^^^^^^^^^^^^^^
  File "/home/armando/git/insurance_case/dagster-quickstart/.venv/lib/python3.12/site-packages/pandas/core/internals/construction.py", line 114, in arrays_to_mgr
    index = _extract_index(arrays)
            ^^^^^^^^^^^^^^^^^^^^^^
  File "/home/armando/git/insurance_case/dagster-quickstart/.venv/lib/python3.12/site-packages/pandas/core/internals/construction.py", line 677, in _extract_index
    raise ValueError("All arrays must be of the same length")
[0m
