[32m2025-10-31 11:38:27 -0600[0m - dagster - [34mDEBUG[0m - __ASSET_JOB - 789ebb3e-a3f3-4dd2-b153-36744145a639 - 2194419 - LOGS_CAPTURED - Started capturing logs in process (pid: 2194419).
[32m2025-10-31 11:38:27 -0600[0m - dagster - [34mDEBUG[0m - __ASSET_JOB - 789ebb3e-a3f3-4dd2-b153-36744145a639 - 2194419 - extract_consultations - STEP_START - Started execution of step "extract_consultations".
INFO: Context impl SQLiteImpl.
INFO: Will assume non-transactional DDL.
[32m2025-10-31 11:38:27 -0600[0m - dagster - [34mERROR[0m - [31m__ASSET_JOB - 789ebb3e-a3f3-4dd2-b153-36744145a639 - 2194419 - extract_consultations - STEP_FAILURE - Execution of step "extract_consultations" failed.

dagster._core.errors.DagsterExecutionStepExecutionError: Error occurred while executing op "extract_consultations"::

KeyError: 'certificate_ids_df'

Stack Trace:
  File "/home/armando/git/insurance_case/dagster-quickstart/.venv/lib/python3.12/site-packages/dagster/_core/execution/plan/utils.py", line 57, in op_execution_error_boundary
    yield
  File "/home/armando/git/insurance_case/dagster-quickstart/.venv/lib/python3.12/site-packages/dagster/_utils/__init__.py", line 392, in iterate_with_context
    next_output = next(iterator)
                  ^^^^^^^^^^^^^^
  File "/home/armando/git/insurance_case/dagster-quickstart/.venv/lib/python3.12/site-packages/dagster/_core/execution/plan/compute_generator.py", line 137, in _coerce_op_compute_fn_to_iterator
    result = invoke_compute_fn(
             ^^^^^^^^^^^^^^^^^^
  File "/home/armando/git/insurance_case/dagster-quickstart/.venv/lib/python3.12/site-packages/dagster/_core/execution/plan/compute_generator.py", line 117, in invoke_compute_fn
    return fn(context, **args_to_pass) if context_arg_provided else fn(**args_to_pass)
           ^^^^^^^^^^^^^^^^^^^^^^^^^^^
  File "/home/armando/git/insurance_case/dagster-quickstart/src/dagster_quickstart/defs/assets_silver.py", line 248, in extract_consultations
    extractor.process()
  File "/home/armando/git/insurance_case/dagster-quickstart/src/dagster_quickstart/lib/extraction.py", line 80, in process
    self.screen_data()
  File "/home/armando/git/insurance_case/dagster-quickstart/src/dagster_quickstart/lib/extraction.py", line 297, in screen_data
    certificate_ids = self.context['list_values']['certificate_ids_df']
                      ~~~~~~~~~~~~~~~~~~~~~~~~~~~^^^^^^^^^^^^^^^^^^^^^^
[0m
