[32m2025-10-25 10:17:23 -0600[0m - dagster - [34mDEBUG[0m - __ASSET_JOB - 70c11431-ade4-478f-85e6-bd00d0a02497 - 1912535 - LOGS_CAPTURED - Started capturing logs in process (pid: 1912535).
[32m2025-10-25 10:17:23 -0600[0m - dagster - [34mDEBUG[0m - __ASSET_JOB - 70c11431-ade4-478f-85e6-bd00d0a02497 - 1912535 - generate_dim_date - STEP_START - Started execution of step "generate_dim_date".
[32m2025-10-25 10:17:23 -0600[0m - dagster - [34mERROR[0m - [31m__ASSET_JOB - 70c11431-ade4-478f-85e6-bd00d0a02497 - 1912535 - generate_dim_date - STEP_FAILURE - Execution of step "generate_dim_date" failed.

dagster._core.errors.DagsterExecutionStepExecutionError: Error occurred while executing op "generate_dim_date"::

NameError: name 'np' is not defined

Stack Trace:
  File "/home/armando/git/insurance_case/dagster-quickstart/.venv/lib/python3.12/site-packages/dagster/_core/execution/plan/utils.py", line 57, in op_execution_error_boundary
    yield
  File "/home/armando/git/insurance_case/dagster-quickstart/.venv/lib/python3.12/site-packages/dagster/_utils/__init__.py", line 392, in iterate_with_context
    next_output = next(iterator)
                  ^^^^^^^^^^^^^^
  File "/home/armando/git/insurance_case/dagster-quickstart/.venv/lib/python3.12/site-packages/dagster/_core/execution/plan/compute_generator.py", line 137, in _coerce_op_compute_fn_to_iterator
    result = invoke_compute_fn(
             ^^^^^^^^^^^^^^^^^^
  File "/home/armando/git/insurance_case/dagster-quickstart/.venv/lib/python3.12/site-packages/dagster/_core/execution/plan/compute_generator.py", line 117, in invoke_compute_fn
    return fn(context, **args_to_pass) if context_arg_provided else fn(**args_to_pass)
                                                                    ^^^^^^^^^^^^^^^^^^
  File "/home/armando/git/insurance_case/dagster-quickstart/src/dagster_quickstart/defs/assets_silver.py", line 122, in generate_dim_date
    dimension_manager.init_date_dimension()
  File "/home/armando/git/insurance_case/dagster-quickstart/src/dagster_quickstart/defs/assets_silver.py", line 109, in init_date_dimension
    self.special_dimension_manager.create_date_dimension()
  File "/home/armando/git/insurance_case/dagster-quickstart/src/dagster_quickstart/defs/assets_silver.py", line 37, in create_date_dimension
    dim_date['weekday_indicator'] = np.where(dim_date['day_of_week'].isin([6, 7]), 'Fin de Semana', 'Entre Semana')
                                    ^^
[0m
