[32m2025-10-31 12:10:41 -0600[0m - dagster - [34mDEBUG[0m - __ASSET_JOB - 5c613b60-6d01-4fd0-995b-8971018afe2c - 2246259 - LOGS_CAPTURED - Started capturing logs in process (pid: 2246259).
[32m2025-10-31 12:10:41 -0600[0m - dagster - [34mDEBUG[0m - __ASSET_JOB - 5c613b60-6d01-4fd0-995b-8971018afe2c - 2246259 - extract_consultation_diagnoses - STEP_START - Started execution of step "extract_consultation_diagnoses".
INFO: Context impl SQLiteImpl.
INFO: Will assume non-transactional DDL.
[32m2025-10-31 12:10:41 -0600[0m - dagster - [34mERROR[0m - [31m__ASSET_JOB - 5c613b60-6d01-4fd0-995b-8971018afe2c - 2246259 - extract_consultation_diagnoses - STEP_FAILURE - Execution of step "extract_consultation_diagnoses" failed.

dagster._core.errors.DagsterExecutionStepExecutionError: Error occurred while executing op "extract_consultation_diagnoses"::

KeyError: 'certificate_id'

Stack Trace:
  File "/home/armando/git/insurance_case/dagster-quickstart/.venv/lib/python3.12/site-packages/dagster/_core/execution/plan/utils.py", line 57, in op_execution_error_boundary
    yield
  File "/home/armando/git/insurance_case/dagster-quickstart/.venv/lib/python3.12/site-packages/dagster/_utils/__init__.py", line 392, in iterate_with_context
    next_output = next(iterator)
                  ^^^^^^^^^^^^^^
  File "/home/armando/git/insurance_case/dagster-quickstart/.venv/lib/python3.12/site-packages/dagster/_core/execution/plan/compute_generator.py", line 137, in _coerce_op_compute_fn_to_iterator
    result = invoke_compute_fn(
             ^^^^^^^^^^^^^^^^^^
  File "/home/armando/git/insurance_case/dagster-quickstart/.venv/lib/python3.12/site-packages/dagster/_core/execution/plan/compute_generator.py", line 117, in invoke_compute_fn
    return fn(context, **args_to_pass) if context_arg_provided else fn(**args_to_pass)
           ^^^^^^^^^^^^^^^^^^^^^^^^^^^
  File "/home/armando/git/insurance_case/dagster-quickstart/src/dagster_quickstart/defs/assets_silver.py", line 320, in extract_consultation_diagnoses
    'list_values': {'consultation_ids': consultation_ids['certificate_id'].tolist(),
                                        ~~~~~~~~~~~~~~~~^^^^^^^^^^^^^^^^^^
  File "/home/armando/git/insurance_case/dagster-quickstart/.venv/lib/python3.12/site-packages/pandas/core/frame.py", line 4113, in __getitem__
    indexer = self.columns.get_loc(key)
              ^^^^^^^^^^^^^^^^^^^^^^^^^
  File "/home/armando/git/insurance_case/dagster-quickstart/.venv/lib/python3.12/site-packages/pandas/core/indexes/base.py", line 3819, in get_loc
    raise KeyError(key) from err

The above exception was caused by the following exception:
KeyError: 'certificate_id'

Stack Trace:
  File "/home/armando/git/insurance_case/dagster-quickstart/.venv/lib/python3.12/site-packages/pandas/core/indexes/base.py", line 3812, in get_loc
    return self._engine.get_loc(casted_key)
           ^^^^^^^^^^^^^^^^^^^^^^^^^^^^^^^^
  File "pandas/_libs/index.pyx", line 167, in pandas._libs.index.IndexEngine.get_loc
  File "pandas/_libs/index.pyx", line 196, in pandas._libs.index.IndexEngine.get_loc
  File "pandas/_libs/hashtable_class_helper.pxi", line 7088, in pandas._libs.hashtable.PyObjectHashTable.get_item
  File "pandas/_libs/hashtable_class_helper.pxi", line 7096, in pandas._libs.hashtable.PyObjectHashTable.get_item
[0m
