[32m2025-10-25 22:49:11 -0600[0m - dagster - [34mDEBUG[0m - __ASSET_JOB - 792ad1ef-19f1-4451-ad3f-618e503192d5 - 3100226 - LOGS_CAPTURED - Started capturing logs in process (pid: 3100226).
[32m2025-10-25 22:49:11 -0600[0m - dagster - [34mDEBUG[0m - __ASSET_JOB - 792ad1ef-19f1-4451-ad3f-618e503192d5 - 3100226 - extract_consultations - STEP_START - Started execution of step "extract_consultations".
INFO: Context impl SQLiteImpl.
INFO: Will assume non-transactional DDL.
[32m2025-10-25 22:49:11 -0600[0m - dagster - [34mERROR[0m - [31m__ASSET_JOB - 792ad1ef-19f1-4451-ad3f-618e503192d5 - 3100226 - extract_consultations - STEP_FAILURE - Execution of step "extract_consultations" failed.

dagster._core.errors.DagsterExecutionStepExecutionError: Error occurred while executing op "extract_consultations"::

KeyError: 'term_id'

Stack Trace:
  File "/home/armando/git/insurance_case/dagster-quickstart/.venv/lib/python3.12/site-packages/dagster/_core/execution/plan/utils.py", line 57, in op_execution_error_boundary
    yield
  File "/home/armando/git/insurance_case/dagster-quickstart/.venv/lib/python3.12/site-packages/dagster/_utils/__init__.py", line 392, in iterate_with_context
    next_output = next(iterator)
                  ^^^^^^^^^^^^^^
  File "/home/armando/git/insurance_case/dagster-quickstart/.venv/lib/python3.12/site-packages/dagster/_core/execution/plan/compute_generator.py", line 137, in _coerce_op_compute_fn_to_iterator
    result = invoke_compute_fn(
             ^^^^^^^^^^^^^^^^^^
  File "/home/armando/git/insurance_case/dagster-quickstart/.venv/lib/python3.12/site-packages/dagster/_core/execution/plan/compute_generator.py", line 117, in invoke_compute_fn
    return fn(context, **args_to_pass) if context_arg_provided else fn(**args_to_pass)
                                                                    ^^^^^^^^^^^^^^^^^^
  File "/home/armando/git/insurance_case/dagster-quickstart/src/dagster_quickstart/defs/assets_silver.py", line 1182, in extract_consultations
    extractor.screen_data()
  File "/home/armando/git/insurance_case/dagster-quickstart/src/dagster_quickstart/defs/assets_silver.py", line 340, in screen_data
    self.data.loc[self.data['term_id'].isin(unsolved_rows), 'audit_passed'] = 'No'
                  ~~~~~~~~~^^^^^^^^^^^
  File "/home/armando/git/insurance_case/dagster-quickstart/.venv/lib/python3.12/site-packages/pandas/core/frame.py", line 4113, in __getitem__
    indexer = self.columns.get_loc(key)
              ^^^^^^^^^^^^^^^^^^^^^^^^^
  File "/home/armando/git/insurance_case/dagster-quickstart/.venv/lib/python3.12/site-packages/pandas/core/indexes/base.py", line 3819, in get_loc
    raise KeyError(key) from err

The above exception was caused by the following exception:
KeyError: 'term_id'

Stack Trace:
  File "/home/armando/git/insurance_case/dagster-quickstart/.venv/lib/python3.12/site-packages/pandas/core/indexes/base.py", line 3812, in get_loc
    return self._engine.get_loc(casted_key)
           ^^^^^^^^^^^^^^^^^^^^^^^^^^^^^^^^
  File "pandas/_libs/index.pyx", line 167, in pandas._libs.index.IndexEngine.get_loc
  File "pandas/_libs/index.pyx", line 196, in pandas._libs.index.IndexEngine.get_loc
  File "pandas/_libs/hashtable_class_helper.pxi", line 7088, in pandas._libs.hashtable.PyObjectHashTable.get_item
  File "pandas/_libs/hashtable_class_helper.pxi", line 7096, in pandas._libs.hashtable.PyObjectHashTable.get_item
[0m
