Running with dbt=1.10.13
Registered adapter: duckdb=1.9.6
Found 52 data tests, 2 models, 6 sources, 446 macros

Concurrency: 1 threads (target='dev')

1 of 53 START sql table model gold.age_at_diagnosis ............................ [RUN]
1 of 53 OK created sql table model gold.age_at_diagnosis ....................... [[32mOK[0m in 0.08s]
2 of 53 START sql table model gold.customer_interaction ........................ [RUN]
2 of 53 OK created sql table model gold.customer_interaction ................... [[32mOK[0m in 0.09s]
3 of 53 START test source_accepted_values_silver_schema_dim_certificate_gender__M__F  [RUN]
3 of 53 PASS source_accepted_values_silver_schema_dim_certificate_gender__M__F . [[32mPASS[0m in 0.04s]
4 of 53 START test source_accepted_values_silver_schema_fact_claim_payment_type__Pago_Directo  [RUN]
4 of 53 PASS source_accepted_values_silver_schema_fact_claim_payment_type__Pago_Directo  [[32mPASS[0m in 0.02s]
5 of 53 START test source_accepted_values_silver_schema_fact_consultation_pause_consultations__S___No__Sin_especificar  [RUN]
5 of 53 PASS source_accepted_values_silver_schema_fact_consultation_pause_consultations__S___No__Sin_especificar  [[32mPASS[0m in 0.02s]
6 of 53 START test source_accepted_values_silver_schema_fact_consultation_prescription_or_medical_order__Ninguno__Orden_M_dica__Receta_M_dica__Ambos__Sin_Especificar  [RUN]
6 of 53 PASS source_accepted_values_silver_schema_fact_consultation_prescription_or_medical_order__Ninguno__Orden_M_dica__Receta_M_dica__Ambos__Sin_Especificar  [[32mPASS[0m in 0.02s]
7 of 53 START test source_not_audit_passed_silver_schema_fact_claim_claim_id ... [RUN]
7 of 53 PASS source_not_audit_passed_silver_schema_fact_claim_claim_id ......... [[32mPASS[0m in 0.02s]
8 of 53 START test source_not_audit_passed_silver_schema_fact_consultation_consultation_id  [RUN]
8 of 53 PASS source_not_audit_passed_silver_schema_fact_consultation_consultation_id  [[32mPASS[0m in 0.02s]
9 of 53 START test source_not_audit_passed_silver_schema_fact_term_term_id ..... [RUN]
9 of 53 PASS source_not_audit_passed_silver_schema_fact_term_term_id ........... [[32mPASS[0m in 0.02s]
10 of 53 START test source_not_null_silver_schema_bridge_consultation_diagnosis_consultation_id  [RUN]
10 of 53 PASS source_not_null_silver_schema_bridge_consultation_diagnosis_consultation_id  [[32mPASS[0m in 0.02s]
11 of 53 START test source_not_null_silver_schema_bridge_consultation_diagnosis_surrogated_cie_id  [RUN]
11 of 53 PASS source_not_null_silver_schema_bridge_consultation_diagnosis_surrogated_cie_id  [[32mPASS[0m in 0.02s]
12 of 53 START test source_not_null_silver_schema_dim_certificate_birth_date_id  [RUN]
12 of 53 PASS source_not_null_silver_schema_dim_certificate_birth_date_id ...... [[32mPASS[0m in 0.02s]
13 of 53 START test source_not_null_silver_schema_dim_certificate_certificate_id  [RUN]
13 of 53 PASS source_not_null_silver_schema_dim_certificate_certificate_id ..... [[32mPASS[0m in 0.02s]
14 of 53 START test source_not_null_silver_schema_dim_certificate_gender ....... [RUN]
14 of 53 PASS source_not_null_silver_schema_dim_certificate_gender ............. [[32mPASS[0m in 0.02s]
15 of 53 START test source_not_null_silver_schema_dim_cie_cie_id ............... [RUN]
15 of 53 PASS source_not_null_silver_schema_dim_cie_cie_id ..................... [[32mPASS[0m in 0.02s]
16 of 53 START test source_not_null_silver_schema_dim_cie_cie_name ............. [RUN]
16 of 53 PASS source_not_null_silver_schema_dim_cie_cie_name ................... [[32mPASS[0m in 0.02s]
17 of 53 START test source_not_null_silver_schema_dim_cie_surrogated_id ........ [RUN]
17 of 53 PASS source_not_null_silver_schema_dim_cie_surrogated_id .............. [[32mPASS[0m in 0.02s]
18 of 53 START test source_not_null_silver_schema_fact_claim_claim_id .......... [RUN]
18 of 53 PASS source_not_null_silver_schema_fact_claim_claim_id ................ [[32mPASS[0m in 0.02s]
19 of 53 START test source_not_null_silver_schema_fact_claim_first_expense_date_id  [RUN]
19 of 53 PASS source_not_null_silver_schema_fact_claim_first_expense_date_id ... [[32mPASS[0m in 0.02s]
20 of 53 START test source_not_null_silver_schema_fact_claim_incident_date_id .. [RUN]
20 of 53 PASS source_not_null_silver_schema_fact_claim_incident_date_id ........ [[32mPASS[0m in 0.02s]
21 of 53 START test source_not_null_silver_schema_fact_claim_month_cont_date_id  [RUN]
21 of 53 PASS source_not_null_silver_schema_fact_claim_month_cont_date_id ...... [[32mPASS[0m in 0.02s]
22 of 53 START test source_not_null_silver_schema_fact_claim_payment_date_id ... [RUN]
22 of 53 PASS source_not_null_silver_schema_fact_claim_payment_date_id ......... [[32mPASS[0m in 0.02s]
23 of 53 START test source_not_null_silver_schema_fact_claim_payment_type ...... [RUN]
23 of 53 PASS source_not_null_silver_schema_fact_claim_payment_type ............ [[32mPASS[0m in 0.02s]
24 of 53 START test source_not_null_silver_schema_fact_claim_surrogated_certificate_id  [RUN]
24 of 53 PASS source_not_null_silver_schema_fact_claim_surrogated_certificate_id  [[32mPASS[0m in 0.02s]
25 of 53 START test source_not_null_silver_schema_fact_claim_surrogated_cie_id . [RUN]
25 of 53 PASS source_not_null_silver_schema_fact_claim_surrogated_cie_id ....... [[32mPASS[0m in 0.02s]
26 of 53 START test source_not_null_silver_schema_fact_consultation_consultation_date_id  [RUN]
26 of 53 PASS source_not_null_silver_schema_fact_consultation_consultation_date_id  [[32mPASS[0m in 0.02s]
27 of 53 START test source_not_null_silver_schema_fact_consultation_consultation_id  [RUN]
27 of 53 PASS source_not_null_silver_schema_fact_consultation_consultation_id .. [[32mPASS[0m in 0.02s]
28 of 53 START test source_not_null_silver_schema_fact_consultation_prescription_or_medical_order  [RUN]
28 of 53 PASS source_not_null_silver_schema_fact_consultation_prescription_or_medical_order  [[32mPASS[0m in 0.02s]
29 of 53 START test source_not_null_silver_schema_fact_consultation_surrogated_certificate_id  [RUN]
29 of 53 PASS source_not_null_silver_schema_fact_consultation_surrogated_certificate_id  [[32mPASS[0m in 0.02s]
30 of 53 START test source_not_null_silver_schema_fact_term_surrogated_certificate_id  [RUN]
30 of 53 PASS source_not_null_silver_schema_fact_term_surrogated_certificate_id  [[32mPASS[0m in 0.02s]
31 of 53 START test source_not_null_silver_schema_fact_term_term_begin_date_id . [RUN]
31 of 53 PASS source_not_null_silver_schema_fact_term_term_begin_date_id ....... [[32mPASS[0m in 0.02s]
32 of 53 START test source_not_null_silver_schema_fact_term_term_end_date_id ... [RUN]
32 of 53 PASS source_not_null_silver_schema_fact_term_term_end_date_id ......... [[32mPASS[0m in 0.02s]
33 of 53 START test source_not_null_silver_schema_fact_term_term_id ............ [RUN]
33 of 53 PASS source_not_null_silver_schema_fact_term_term_id .................. [[32mPASS[0m in 0.02s]
34 of 53 START test source_relationships_silver_schema_bridge_consultation_diagnosis_consultation_id__consultation_id__silver_fact_consultation  [RUN]
34 of 53 PASS source_relationships_silver_schema_bridge_consultation_diagnosis_consultation_id__consultation_id__silver_fact_consultation  [[32mPASS[0m in 0.03s]
35 of 53 START test source_relationships_silver_schema_bridge_consultation_diagnosis_surrogated_cie_id__surrogated_id__silver_dim_cie  [RUN]
35 of 53 PASS source_relationships_silver_schema_bridge_consultation_diagnosis_surrogated_cie_id__surrogated_id__silver_dim_cie  [[32mPASS[0m in 0.06s]
36 of 53 START test source_relationships_silver_schema_dim_certificate_birth_date_id__birth_date_id__silver_dim_birth_date  [RUN]
36 of 53 PASS source_relationships_silver_schema_dim_certificate_birth_date_id__birth_date_id__silver_dim_birth_date  [[32mPASS[0m in 0.05s]
37 of 53 START test source_relationships_silver_schema_fact_claim_first_expense_date_id__first_expense_date_id__silver_dim_first_expense_date  [RUN]
37 of 53 PASS source_relationships_silver_schema_fact_claim_first_expense_date_id__first_expense_date_id__silver_dim_first_expense_date  [[32mPASS[0m in 0.04s]
38 of 53 START test source_relationships_silver_schema_fact_claim_incident_date_id__incident_date_id__silver_dim_incident_date  [RUN]
38 of 53 PASS source_relationships_silver_schema_fact_claim_incident_date_id__incident_date_id__silver_dim_incident_date  [[32mPASS[0m in 0.02s]
39 of 53 START test source_relationships_silver_schema_fact_claim_month_cont_date_id__month_cont_date_id__silver_dim_month_cont_date  [RUN]
39 of 53 PASS source_relationships_silver_schema_fact_claim_month_cont_date_id__month_cont_date_id__silver_dim_month_cont_date  [[32mPASS[0m in 0.02s]
40 of 53 START test source_relationships_silver_schema_fact_claim_payment_date_id__payment_date_id__silver_dim_payment_date  [RUN]
40 of 53 PASS source_relationships_silver_schema_fact_claim_payment_date_id__payment_date_id__silver_dim_payment_date  [[32mPASS[0m in 0.02s]
41 of 53 START test source_relationships_silver_schema_fact_claim_surrogated_certificate_id__surrogated_id__silver_dim_certificate  [RUN]
41 of 53 PASS source_relationships_silver_schema_fact_claim_surrogated_certificate_id__surrogated_id__silver_dim_certificate  [[32mPASS[0m in 0.02s]
42 of 53 START test source_relationships_silver_schema_fact_claim_surrogated_cie_id__surrogated_id__silver_dim_cie  [RUN]
42 of 53 PASS source_relationships_silver_schema_fact_claim_surrogated_cie_id__surrogated_id__silver_dim_cie  [[32mPASS[0m in 0.02s]
43 of 53 START test source_relationships_silver_schema_fact_consultation_consultation_date_id__consultation_date_id__silver_dim_consultation_date  [RUN]
43 of 53 PASS source_relationships_silver_schema_fact_consultation_consultation_date_id__consultation_date_id__silver_dim_consultation_date  [[32mPASS[0m in 0.02s]
44 of 53 START test source_relationships_silver_schema_fact_consultation_surrogated_certificate_id__surrogated_id__silver_dim_certificate  [RUN]
44 of 53 PASS source_relationships_silver_schema_fact_consultation_surrogated_certificate_id__surrogated_id__silver_dim_certificate  [[32mPASS[0m in 0.02s]
45 of 53 START test source_relationships_silver_schema_fact_term_surrogated_certificate_id__surrogated_id__silver_dim_certificate  [RUN]
45 of 53 PASS source_relationships_silver_schema_fact_term_surrogated_certificate_id__surrogated_id__silver_dim_certificate  [[32mPASS[0m in 0.02s]
46 of 53 START test source_relationships_silver_schema_fact_term_term_begin_date_id__term_begin_date_id__silver_dim_term_begin_date  [RUN]
46 of 53 PASS source_relationships_silver_schema_fact_term_term_begin_date_id__term_begin_date_id__silver_dim_term_begin_date  [[32mPASS[0m in 0.02s]
47 of 53 START test source_relationships_silver_schema_fact_term_term_end_date_id__term_end_date_id__silver_dim_term_end_date  [RUN]
47 of 53 PASS source_relationships_silver_schema_fact_term_term_end_date_id__term_end_date_id__silver_dim_term_end_date  [[32mPASS[0m in 0.02s]
48 of 53 START test source_unique_silver_schema_dim_certificate_certificate_id . [RUN]
48 of 53 PASS source_unique_silver_schema_dim_certificate_certificate_id ....... [[32mPASS[0m in 0.02s]
49 of 53 START test source_unique_silver_schema_dim_cie_surrogated_id .......... [RUN]
49 of 53 PASS source_unique_silver_schema_dim_cie_surrogated_id ................ [[32mPASS[0m in 0.02s]
50 of 53 START test source_unique_silver_schema_fact_claim_claim_id ............ [RUN]
50 of 53 PASS source_unique_silver_schema_fact_claim_claim_id .................. [[32mPASS[0m in 0.02s]
51 of 53 START test source_unique_silver_schema_fact_consultation_consultation_id  [RUN]
51 of 53 PASS source_unique_silver_schema_fact_consultation_consultation_id .... [[32mPASS[0m in 0.02s]
52 of 53 START test source_unique_silver_schema_fact_term_term_id .............. [RUN]
52 of 53 PASS source_unique_silver_schema_fact_term_term_id .................... [[32mPASS[0m in 0.02s]
53 of 53 START test assert_order ............................................... [RUN]
53 of 53 PASS assert_order ..................................................... [[32mPASS[0m in 0.02s]

Finished running 2 table models, 51 data tests in 0 hours 0 minutes and 1.56 seconds (1.56s).

[32mCompleted successfully[0m

Done. PASS=53 WARN=0 ERROR=0 SKIP=0 NO-OP=0 TOTAL=53
