[32m2025-10-26 09:55:20 -0600[0m - dagster - [34mDEBUG[0m - __ASSET_JOB - c835ecad-d355-4d09-a83a-cbf7a315d0e5 - 3423320 - LOGS_CAPTURED - Started capturing logs in process (pid: 3423320).
[32m2025-10-26 09:55:20 -0600[0m - dagster - [34mDEBUG[0m - __ASSET_JOB - c835ecad-d355-4d09-a83a-cbf7a315d0e5 - 3423320 - load_fact_claim - STEP_START - Started execution of step "load_fact_claim".
INFO: Context impl SQLiteImpl.
INFO: Will assume non-transactional DDL.
[32m2025-10-26 09:55:20 -0600[0m - dagster - [34mERROR[0m - [31m__ASSET_JOB - c835ecad-d355-4d09-a83a-cbf7a315d0e5 - 3423320 - load_fact_claim - STEP_FAILURE - Execution of step "load_fact_claim" failed.

dagster._core.errors.DagsterExecutionStepExecutionError: Error occurred while executing op "load_fact_claim"::

_duckdb.CatalogException: Catalog Error: Table with name dim_month_cont_date does not exist!
Did you mean "dim_payment_date"?

Stack Trace:
  File "/home/armando/git/insurance_case/dagster-quickstart/.venv/lib/python3.12/site-packages/dagster/_core/execution/plan/utils.py", line 57, in op_execution_error_boundary
    yield
  File "/home/armando/git/insurance_case/dagster-quickstart/.venv/lib/python3.12/site-packages/dagster/_utils/__init__.py", line 392, in iterate_with_context
    next_output = next(iterator)
                  ^^^^^^^^^^^^^^
  File "/home/armando/git/insurance_case/dagster-quickstart/.venv/lib/python3.12/site-packages/dagster/_core/execution/plan/compute_generator.py", line 137, in _coerce_op_compute_fn_to_iterator
    result = invoke_compute_fn(
             ^^^^^^^^^^^^^^^^^^
  File "/home/armando/git/insurance_case/dagster-quickstart/.venv/lib/python3.12/site-packages/dagster/_core/execution/plan/compute_generator.py", line 117, in invoke_compute_fn
    return fn(context, **args_to_pass) if context_arg_provided else fn(**args_to_pass)
                                                                    ^^^^^^^^^^^^^^^^^^
  File "/home/armando/git/insurance_case/dagster-quickstart/src/dagster_quickstart/defs/assets_silver.py", line 1506, in load_claim_consultation
    fact_manager.build_fact(claim_fact_builder)
  File "/home/armando/git/insurance_case/dagster-quickstart/src/dagster_quickstart/defs/assets_silver.py", line 1326, in build_fact
    fact_builder.build_fact()
  File "/home/armando/git/insurance_case/dagster-quickstart/src/dagster_quickstart/defs/assets_silver.py", line 1265, in build_fact
    silver_month_cont_date = conn.sql("SELECT month_cont_date_id FROM silver.dim_month_cont_date").df()
                             ^^^^^^^^^^^^^^^^^^^^^^^^^^^^^^^^^^^^^^^^^^^^^^^^^^^^^^^^^^^^^^^^^^^^^
[0m
