[32m2025-10-26 15:58:33 -0600[0m - dagster - [34mDEBUG[0m - __ASSET_JOB - 3ea7f5e7-42ff-4a46-ab89-89cec0d085f9 - 4004956 - LOGS_CAPTURED - Started capturing logs in process (pid: 4004956).
[32m2025-10-26 15:58:33 -0600[0m - dagster - [34mDEBUG[0m - __ASSET_JOB - 3ea7f5e7-42ff-4a46-ab89-89cec0d085f9 - 4004956 - insurance_case - STEP_START - Started execution of step "insurance_case".
[32m2025-10-26 15:58:33 -0600[0m - dagster - [34mINFO[0m - __ASSET_JOB - 3ea7f5e7-42ff-4a46-ab89-89cec0d085f9 - insurance_case - A dbt subsetted execution is being performed. Overriding default dbt selection arguments `['--select', 'fqn:*']` with arguments: `['insurance_case.age_at_diagnosis']`.
INFO: __ASSET_JOB - 3ea7f5e7-42ff-4a46-ab89-89cec0d085f9 - insurance_case - A dbt subsetted execution is being performed. Overriding default dbt selection arguments `['--select', 'fqn:*']` with arguments: `['insurance_case.age_at_diagnosis']`.
[32m2025-10-26 15:58:36 -0600[0m - dagster - [34mINFO[0m - __ASSET_JOB - 3ea7f5e7-42ff-4a46-ab89-89cec0d085f9 - insurance_case - Copying `/home/armando/git/insurance_case/insurance_case/target/partial_parse.msgpack` to `/home/armando/git/insurance_case/insurance_case/target/insurance_case-3ea7f5e-5d7a85e/partial_parse.msgpack` to take advantage of partial parsing.
INFO: __ASSET_JOB - 3ea7f5e7-42ff-4a46-ab89-89cec0d085f9 - insurance_case - Copying `/home/armando/git/insurance_case/insurance_case/target/partial_parse.msgpack` to `/home/armando/git/insurance_case/insurance_case/target/insurance_case-3ea7f5e-5d7a85e/partial_parse.msgpack` to take advantage of partial parsing.
[32m2025-10-26 15:58:36 -0600[0m - dagster - [34mINFO[0m - __ASSET_JOB - 3ea7f5e7-42ff-4a46-ab89-89cec0d085f9 - insurance_case - Running dbt command: `dbt build --select insurance_case.age_at_diagnosis`.
INFO: __ASSET_JOB - 3ea7f5e7-42ff-4a46-ab89-89cec0d085f9 - insurance_case - Running dbt command: `dbt build --select insurance_case.age_at_diagnosis`.
[32m2025-10-26 15:58:39 -0600[0m - dagster - [34mDEBUG[0m - __ASSET_JOB - 3ea7f5e7-42ff-4a46-ab89-89cec0d085f9 - 4004956 - insurance_case - STEP_OUTPUT - Yielded output "gold__age_at_diagnosis" of type "Nothing". (Type check passed).
INFO: Context impl SQLiteImpl.
INFO: Will assume non-transactional DDL.
[32m2025-10-26 15:58:39 -0600[0m - dagster - [34mDEBUG[0m - __ASSET_JOB - 3ea7f5e7-42ff-4a46-ab89-89cec0d085f9 - 4004956 - insurance_case - ASSET_MATERIALIZATION - Materialized value gold age_at_diagnosis.
Exception ignored in: <generator object DbtCliInvocation._stream_stdout at 0x799ec52e5e40>
Traceback (most recent call last):
  File "/home/armando/git/insurance_case/dagster-quickstart/.venv/lib/python3.12/site-packages/dagster_dbt/core/dbt_cli_invocation.py", line 290, in _stream_asset_events
    yield from event.to_default_asset_events(
RuntimeError: generator ignored GeneratorExit
[32m2025-10-26 15:58:39 -0600[0m - dagster - [34mERROR[0m - [31m__ASSET_JOB - 3ea7f5e7-42ff-4a46-ab89-89cec0d085f9 - 4004956 - insurance_case - STEP_FAILURE - Execution of step "insurance_case" failed.

dagster._core.errors.DagsterExecutionStepExecutionError: Error occurred while executing op "insurance_case"::

KeyError: 'test.insurance_case.assert_order'

Stack Trace:
  File "/home/armando/git/insurance_case/dagster-quickstart/.venv/lib/python3.12/site-packages/dagster/_core/execution/plan/utils.py", line 57, in op_execution_error_boundary
    yield
  File "/home/armando/git/insurance_case/dagster-quickstart/.venv/lib/python3.12/site-packages/dagster/_utils/__init__.py", line 392, in iterate_with_context
    next_output = next(iterator)
                  ^^^^^^^^^^^^^^
  File "/home/armando/git/insurance_case/dagster-quickstart/.venv/lib/python3.12/site-packages/dagster_dbt/components/dbt_project/component.py", line 282, in _fn
    yield from self.execute(context=context, dbt=self.cli_resource)
  File "/home/armando/git/insurance_case/dagster-quickstart/.venv/lib/python3.12/site-packages/dagster_dbt/components/dbt_project/component.py", line 340, in execute
    yield from self._get_dbt_event_iterator(context, dbt)
  File "/home/armando/git/insurance_case/dagster-quickstart/.venv/lib/python3.12/site-packages/dagster_dbt/core/dbt_event_iterator.py", line 215, in __next__
    return next(self._inner_iterator)
           ^^^^^^^^^^^^^^^^^^^^^^^^^^
  File "/home/armando/git/insurance_case/dagster-quickstart/.venv/lib/python3.12/site-packages/dagster_dbt/core/dbt_cli_invocation.py", line 290, in _stream_asset_events
    yield from event.to_default_asset_events(
  File "/home/armando/git/insurance_case/dagster-quickstart/.venv/lib/python3.12/site-packages/dagster_dbt/core/dbt_cli_event.py", line 569, in to_default_asset_events
    if self._is_model_execution_event(manifest):
       ^^^^^^^^^^^^^^^^^^^^^^^^^^^^^^^^^^^^^^^^
  File "/home/armando/git/insurance_case/dagster-quickstart/.venv/lib/python3.12/site-packages/dagster_dbt/core/dbt_cli_event.py", line 260, in _is_model_execution_event
    resource_props = self._get_resource_props(self._unique_id, manifest)
                     ^^^^^^^^^^^^^^^^^^^^^^^^^^^^^^^^^^^^^^^^^^^^^^^^^^^
  File "/home/armando/git/insurance_case/dagster-quickstart/.venv/lib/python3.12/site-packages/dagster_dbt/core/dbt_cli_event.py", line 280, in _get_resource_props
    return manifest["nodes"][unique_id]
           ~~~~~~~~~~~~~~~~~^^^^^^^^^^^
[0m
