[32m2025-10-26 12:08:29 -0600[0m - dagster - [34mDEBUG[0m - __ASSET_JOB - c234f649-5bf7-4b15-9ac2-b2dc6a45d224 - 3637284 - LOGS_CAPTURED - Started capturing logs in process (pid: 3637284).
[32m2025-10-26 12:08:29 -0600[0m - dagster - [34mDEBUG[0m - __ASSET_JOB - c234f649-5bf7-4b15-9ac2-b2dc6a45d224 - 3637284 - extract_cie - STEP_START - Started execution of step "extract_cie".
INFO: Context impl SQLiteImpl.
INFO: Will assume non-transactional DDL.
[32m2025-10-26 12:08:29 -0600[0m - dagster - [34mERROR[0m - [31m__ASSET_JOB - c234f649-5bf7-4b15-9ac2-b2dc6a45d224 - 3637284 - extract_cie - STEP_FAILURE - Execution of step "extract_cie" failed.

dagster._core.errors.DagsterExecutionStepExecutionError: Error occurred while executing op "extract_cie"::

Exception: Violation on uniqueness constraint detected.

Stack Trace:
  File "/home/armando/git/insurance_case/dagster-quickstart/.venv/lib/python3.12/site-packages/dagster/_core/execution/plan/utils.py", line 57, in op_execution_error_boundary
    yield
  File "/home/armando/git/insurance_case/dagster-quickstart/.venv/lib/python3.12/site-packages/dagster/_utils/__init__.py", line 392, in iterate_with_context
    next_output = next(iterator)
                  ^^^^^^^^^^^^^^
  File "/home/armando/git/insurance_case/dagster-quickstart/.venv/lib/python3.12/site-packages/dagster/_core/execution/plan/compute_generator.py", line 137, in _coerce_op_compute_fn_to_iterator
    result = invoke_compute_fn(
             ^^^^^^^^^^^^^^^^^^
  File "/home/armando/git/insurance_case/dagster-quickstart/.venv/lib/python3.12/site-packages/dagster/_core/execution/plan/compute_generator.py", line 117, in invoke_compute_fn
    return fn(context, **args_to_pass) if context_arg_provided else fn(**args_to_pass)
                                                                    ^^^^^^^^^^^^^^^^^^
  File "/home/armando/git/insurance_case/dagster-quickstart/src/dagster_quickstart/defs/assets_silver.py", line 1408, in extract_cie
    extractor.screen_data()
  File "/home/armando/git/insurance_case/dagster-quickstart/src/dagster_quickstart/defs/assets_silver.py", line 255, in screen_data
    self.facade_screens.apply_screen_is_not_unique('cie_id')
  File "/home/armando/git/insurance_case/dagster-quickstart/src/dagster_quickstart/defs/assets_silver.py", line 698, in apply_screen_is_not_unique
    self.screen_is_not_unique.apply_validation(self.data[column])
  File "/home/armando/git/insurance_case/dagster-quickstart/src/dagster_quickstart/defs/assets_silver.py", line 601, in apply_validation
    raise Exception('Violation on uniqueness constraint detected.')
[0m
