[32m2025-10-26 11:02:09 -0600[0m - dagster - [34mDEBUG[0m - __ASSET_JOB - 545669c4-c1a7-4ea1-a4b4-05b02a82cfad - 3530264 - LOGS_CAPTURED - Started capturing logs in process (pid: 3530264).
[32m2025-10-26 11:02:09 -0600[0m - dagster - [34mDEBUG[0m - __ASSET_JOB - 545669c4-c1a7-4ea1-a4b4-05b02a82cfad - 3530264 - load_fact_claim - STEP_START - Started execution of step "load_fact_claim".
INFO: Context impl SQLiteImpl.
INFO: Will assume non-transactional DDL.
[32m2025-10-26 11:02:09 -0600[0m - dagster - [34mERROR[0m - [31m__ASSET_JOB - 545669c4-c1a7-4ea1-a4b4-05b02a82cfad - 3530264 - load_fact_claim - STEP_FAILURE - Execution of step "load_fact_claim" failed.

dagster._core.errors.DagsterExecutionStepExecutionError: Error occurred while executing op "load_fact_claim"::

NameError: name 'silver_dimension' is not defined

Stack Trace:
  File "/home/armando/git/insurance_case/dagster-quickstart/.venv/lib/python3.12/site-packages/dagster/_core/execution/plan/utils.py", line 57, in op_execution_error_boundary
    yield
  File "/home/armando/git/insurance_case/dagster-quickstart/.venv/lib/python3.12/site-packages/dagster/_utils/__init__.py", line 392, in iterate_with_context
    next_output = next(iterator)
                  ^^^^^^^^^^^^^^
  File "/home/armando/git/insurance_case/dagster-quickstart/.venv/lib/python3.12/site-packages/dagster/_core/execution/plan/compute_generator.py", line 137, in _coerce_op_compute_fn_to_iterator
    result = invoke_compute_fn(
             ^^^^^^^^^^^^^^^^^^
  File "/home/armando/git/insurance_case/dagster-quickstart/.venv/lib/python3.12/site-packages/dagster/_core/execution/plan/compute_generator.py", line 117, in invoke_compute_fn
    return fn(context, **args_to_pass) if context_arg_provided else fn(**args_to_pass)
                                                                    ^^^^^^^^^^^^^^^^^^
  File "/home/armando/git/insurance_case/dagster-quickstart/src/dagster_quickstart/defs/assets_silver.py", line 1511, in load_claim_consultation
    fact_manager.build_fact(claim_fact_builder)
  File "/home/armando/git/insurance_case/dagster-quickstart/src/dagster_quickstart/defs/assets_silver.py", line 1331, in build_fact
    fact_builder.build_fact()
  File "/home/armando/git/insurance_case/dagster-quickstart/src/dagster_quickstart/defs/assets_silver.py", line 1302, in build_fact
    silver_dimension['surrogated_id'] = keys
    ^^^^^^^^^^^^^^^^
[0m
