[32m2025-10-26 12:12:56 -0600[0m - dagster - [34mDEBUG[0m - __ASSET_JOB - 9f65ddc9-0769-4b21-8e9f-a9dd62354c75 - 3644469 - LOGS_CAPTURED - Started capturing logs in process (pid: 3644469).
[32m2025-10-26 12:12:56 -0600[0m - dagster - [34mDEBUG[0m - __ASSET_JOB - 9f65ddc9-0769-4b21-8e9f-a9dd62354c75 - 3644469 - extract_cie - STEP_START - Started execution of step "extract_cie".
INFO: Context impl SQLiteImpl.
INFO: Will assume non-transactional DDL.
[32m2025-10-26 12:12:56 -0600[0m - dagster - [34mERROR[0m - [31m__ASSET_JOB - 9f65ddc9-0769-4b21-8e9f-a9dd62354c75 - 3644469 - extract_cie - STEP_FAILURE - Execution of step "extract_cie" failed.

dagster._core.errors.DagsterExecutionStepExecutionError: Error occurred while executing op "extract_cie"::

KeyError: 'cie_name'

Stack Trace:
  File "/home/armando/git/insurance_case/dagster-quickstart/.venv/lib/python3.12/site-packages/dagster/_core/execution/plan/utils.py", line 57, in op_execution_error_boundary
    yield
  File "/home/armando/git/insurance_case/dagster-quickstart/.venv/lib/python3.12/site-packages/dagster/_utils/__init__.py", line 392, in iterate_with_context
    next_output = next(iterator)
                  ^^^^^^^^^^^^^^
  File "/home/armando/git/insurance_case/dagster-quickstart/.venv/lib/python3.12/site-packages/dagster/_core/execution/plan/compute_generator.py", line 137, in _coerce_op_compute_fn_to_iterator
    result = invoke_compute_fn(
             ^^^^^^^^^^^^^^^^^^
  File "/home/armando/git/insurance_case/dagster-quickstart/.venv/lib/python3.12/site-packages/dagster/_core/execution/plan/compute_generator.py", line 117, in invoke_compute_fn
    return fn(context, **args_to_pass) if context_arg_provided else fn(**args_to_pass)
                                                                    ^^^^^^^^^^^^^^^^^^
  File "/home/armando/git/insurance_case/dagster-quickstart/src/dagster_quickstart/defs/assets_silver.py", line 1407, in extract_cie
    extractor.screen_data()
  File "/home/armando/git/insurance_case/dagster-quickstart/src/dagster_quickstart/defs/assets_silver.py", line 251, in screen_data
    self.facade_screens.apply_screen_is_missing_value(column)
  File "/home/armando/git/insurance_case/dagster-quickstart/src/dagster_quickstart/defs/assets_silver.py", line 702, in apply_screen_is_missing_value
    self.data['__screen__'] = self.screen_is_missing_value.apply_validation(self.data[column])
                                                                            ~~~~~~~~~^^^^^^^^
  File "/home/armando/git/insurance_case/dagster-quickstart/.venv/lib/python3.12/site-packages/pandas/core/frame.py", line 4113, in __getitem__
    indexer = self.columns.get_loc(key)
              ^^^^^^^^^^^^^^^^^^^^^^^^^
  File "/home/armando/git/insurance_case/dagster-quickstart/.venv/lib/python3.12/site-packages/pandas/core/indexes/base.py", line 3819, in get_loc
    raise KeyError(key) from err

The above exception was caused by the following exception:
KeyError: 'cie_name'

Stack Trace:
  File "/home/armando/git/insurance_case/dagster-quickstart/.venv/lib/python3.12/site-packages/pandas/core/indexes/base.py", line 3812, in get_loc
    return self._engine.get_loc(casted_key)
           ^^^^^^^^^^^^^^^^^^^^^^^^^^^^^^^^
  File "pandas/_libs/index.pyx", line 167, in pandas._libs.index.IndexEngine.get_loc
  File "pandas/_libs/index.pyx", line 196, in pandas._libs.index.IndexEngine.get_loc
  File "pandas/_libs/hashtable_class_helper.pxi", line 7088, in pandas._libs.hashtable.PyObjectHashTable.get_item
  File "pandas/_libs/hashtable_class_helper.pxi", line 7096, in pandas._libs.hashtable.PyObjectHashTable.get_item
[0m
