[32m2025-10-31 10:42:59 -0600[0m - dagster - [34mDEBUG[0m - __ASSET_JOB - f774b6fa-0e2a-42d3-9ec2-5883b646fba4 - 2106279 - LOGS_CAPTURED - Started capturing logs in process (pid: 2106279).
[32m2025-10-31 10:42:59 -0600[0m - dagster - [34mDEBUG[0m - __ASSET_JOB - f774b6fa-0e2a-42d3-9ec2-5883b646fba4 - 2106279 - load_dim_certificate - STEP_START - Started execution of step "load_dim_certificate".
INFO: Context impl SQLiteImpl.
INFO: Will assume non-transactional DDL.
[32m2025-10-31 10:42:59 -0600[0m - dagster - [34mERROR[0m - [31m__ASSET_JOB - f774b6fa-0e2a-42d3-9ec2-5883b646fba4 - 2106279 - load_dim_certificate - STEP_FAILURE - Execution of step "load_dim_certificate" failed.

dagster._core.errors.DagsterExecutionStepExecutionError: Error occurred while executing op "load_dim_certificate"::

AttributeError: 'DimensionManager' object has no attribute 'silver_dimension'. Did you mean: 'build_dimension'?

Stack Trace:
  File "/home/armando/git/insurance_case/dagster-quickstart/.venv/lib/python3.12/site-packages/dagster/_core/execution/plan/utils.py", line 57, in op_execution_error_boundary
    yield
  File "/home/armando/git/insurance_case/dagster-quickstart/.venv/lib/python3.12/site-packages/dagster/_utils/__init__.py", line 392, in iterate_with_context
    next_output = next(iterator)
                  ^^^^^^^^^^^^^^
  File "/home/armando/git/insurance_case/dagster-quickstart/.venv/lib/python3.12/site-packages/dagster/_core/execution/plan/compute_generator.py", line 137, in _coerce_op_compute_fn_to_iterator
    result = invoke_compute_fn(
             ^^^^^^^^^^^^^^^^^^
  File "/home/armando/git/insurance_case/dagster-quickstart/.venv/lib/python3.12/site-packages/dagster/_core/execution/plan/compute_generator.py", line 117, in invoke_compute_fn
    return fn(context, **args_to_pass) if context_arg_provided else fn(**args_to_pass)
           ^^^^^^^^^^^^^^^^^^^^^^^^^^^
  File "/home/armando/git/insurance_case/dagster-quickstart/src/dagster_quickstart/defs/assets_silver.py", line 78, in load_dim_certificate
    silver_dimension = dimension_manager.silver_dimension
                       ^^^^^^^^^^^^^^^^^^^^^^^^^^^^^^^^^^
[0m
