[32m2025-10-25 12:46:08 -0600[0m - dagster - [34mDEBUG[0m - __ASSET_JOB - 0e7925a0-999d-47d6-a2ae-85167735a935 - 2149079 - LOGS_CAPTURED - Started capturing logs in process (pid: 2149079).
[32m2025-10-25 12:46:08 -0600[0m - dagster - [34mDEBUG[0m - __ASSET_JOB - 0e7925a0-999d-47d6-a2ae-85167735a935 - 2149079 - extract_certificates - STEP_START - Started execution of step "extract_certificates".
INFO: Context impl SQLiteImpl.
INFO: Will assume non-transactional DDL.
[32m2025-10-25 12:46:08 -0600[0m - dagster - [34mERROR[0m - [31m__ASSET_JOB - 0e7925a0-999d-47d6-a2ae-85167735a935 - 2149079 - extract_certificates - STEP_FAILURE - Execution of step "extract_certificates" failed.

dagster._core.errors.DagsterExecutionStepExecutionError: Error occurred while executing op "extract_certificates"::

_duckdb.BinderException: Binder Error: table fact_error_event_detail has 10 columns but 9 values were supplied

Stack Trace:
  File "/home/armando/git/insurance_case/dagster-quickstart/.venv/lib/python3.12/site-packages/dagster/_core/execution/plan/utils.py", line 57, in op_execution_error_boundary
    yield
  File "/home/armando/git/insurance_case/dagster-quickstart/.venv/lib/python3.12/site-packages/dagster/_utils/__init__.py", line 392, in iterate_with_context
    next_output = next(iterator)
                  ^^^^^^^^^^^^^^
  File "/home/armando/git/insurance_case/dagster-quickstart/.venv/lib/python3.12/site-packages/dagster/_core/execution/plan/compute_generator.py", line 137, in _coerce_op_compute_fn_to_iterator
    result = invoke_compute_fn(
             ^^^^^^^^^^^^^^^^^^
  File "/home/armando/git/insurance_case/dagster-quickstart/.venv/lib/python3.12/site-packages/dagster/_core/execution/plan/compute_generator.py", line 117, in invoke_compute_fn
    return fn(context, **args_to_pass) if context_arg_provided else fn(**args_to_pass)
                                                                    ^^^^^^^^^^^^^^^^^^
  File "/home/armando/git/insurance_case/dagster-quickstart/src/dagster_quickstart/defs/assets_silver.py", line 615, in extract_certificates
    error_events_generator.export_error_events()
  File "/home/armando/git/insurance_case/dagster-quickstart/src/dagster_quickstart/defs/assets_silver.py", line 528, in export_error_events
    conn.sql("INSERT INTO governance.fact_error_event_detail SELECT * FROM error_events_detail")
[0m
